Component: ARM Compiler 5.06 update 7 (build 960) Tool: armlink [4d3601]

==============================================================================

Section Cross References

    startup_stm32f10x_hd.o(STACK) refers (Special) to heapauxi.o(.text) for __use_two_region_memory
    startup_stm32f10x_hd.o(HEAP) refers (Special) to heapauxi.o(.text) for __use_two_region_memory
    startup_stm32f10x_hd.o(RESET) refers (Special) to heapauxi.o(.text) for __use_two_region_memory
    startup_stm32f10x_hd.o(RESET) refers to startup_stm32f10x_hd.o(STACK) for __initial_sp
    startup_stm32f10x_hd.o(RESET) refers to startup_stm32f10x_hd.o(.text) for Reset_Handler
    startup_stm32f10x_hd.o(RESET) refers to stm32f10x_it.o(.text) for NMI_Handler
    startup_stm32f10x_hd.o(RESET) refers to systick.o(.text) for SysTick_Handler
    startup_stm32f10x_hd.o(RESET) refers to timer.o(.text) for TIM3_IRQHandler
    startup_stm32f10x_hd.o(RESET) refers to usart.o(.text) for USART3_IRQHandler
    startup_stm32f10x_hd.o(.text) refers (Special) to heapauxi.o(.text) for __use_two_region_memory
    startup_stm32f10x_hd.o(.text) refers to system_stm32f10x.o(.text) for SystemInit
    startup_stm32f10x_hd.o(.text) refers to __main.o(!!!main) for __main
    startup_stm32f10x_hd.o(.text) refers to startup_stm32f10x_hd.o(HEAP) for Heap_Mem
    startup_stm32f10x_hd.o(.text) refers to startup_stm32f10x_hd.o(STACK) for Stack_Mem
    main.o(.text) refers to misc.o(.text) for NVIC_PriorityGroupConfig
    main.o(.text) refers to usart.o(.text) for USART1_Config
    main.o(.text) refers to timer.o(.text) for TIM2_PWM_Init
    main.o(.text) refers to motor.o(.text) for MOTOR_GPIO_Config
    main.o(.text) refers to led.o(.text) for LED_GPIO_Config
    main.o(.text) refers to i2c.o(.text) for i2cInit
    main.o(.text) refers to delay.o(.text) for delay_nms
    main.o(.text) refers to mpu6050.o(.text) for MPU6050_Init
    main.o(.text) refers to car.o(.text) for CarUpstandInit
    main.o(.text) refers to systick.o(.text) for SysTick_Init
    system_stm32f10x.o(.text) refers to system_stm32f10x.o(.data) for SystemCoreClock
    usart.o(.text) refers to stm32f10x_rcc.o(.text) for RCC_APB2PeriphClockCmd
    usart.o(.text) refers to stm32f10x_gpio.o(.text) for GPIO_Init
    usart.o(.text) refers to stm32f10x_usart.o(.text) for USART_Init
    usart.o(.text) refers to misc.o(.text) for NVIC_PriorityGroupConfig
    usart.o(.text) refers to usart.o(.data) for Bluetooth_data
    stm32f10x_adc.o(.text) refers to stm32f10x_rcc.o(.text) for RCC_APB2PeriphResetCmd
    stm32f10x_bkp.o(.text) refers to stm32f10x_rcc.o(.text) for RCC_BackupResetCmd
    stm32f10x_can.o(.text) refers to stm32f10x_rcc.o(.text) for RCC_APB1PeriphResetCmd
    stm32f10x_cec.o(.text) refers to stm32f10x_rcc.o(.text) for RCC_APB1PeriphResetCmd
    stm32f10x_dac.o(.text) refers to stm32f10x_rcc.o(.text) for RCC_APB1PeriphResetCmd
    stm32f10x_gpio.o(.text) refers to stm32f10x_rcc.o(.text) for RCC_APB2PeriphResetCmd
    stm32f10x_i2c.o(.text) refers to stm32f10x_rcc.o(.text) for RCC_APB1PeriphResetCmd
    stm32f10x_pwr.o(.text) refers to stm32f10x_rcc.o(.text) for RCC_APB1PeriphResetCmd
    stm32f10x_rcc.o(.text) refers to stm32f10x_rcc.o(.data) for APBAHBPrescTable
    stm32f10x_spi.o(.text) refers to stm32f10x_rcc.o(.text) for RCC_APB2PeriphResetCmd
    stm32f10x_tim.o(.text) refers to stm32f10x_rcc.o(.text) for RCC_APB2PeriphResetCmd
    stm32f10x_usart.o(.text) refers to stm32f10x_rcc.o(.text) for RCC_APB2PeriphResetCmd
    stm32f10x_wwdg.o(.text) refers to stm32f10x_rcc.o(.text) for RCC_APB1PeriphResetCmd
    timer.o(.text) refers to stm32f10x_rcc.o(.text) for RCC_APB1PeriphClockCmd
    timer.o(.text) refers to stm32f10x_gpio.o(.text) for GPIO_Init
    timer.o(.text) refers to stm32f10x_tim.o(.text) for TIM_TimeBaseInit
    timer.o(.text) refers to misc.o(.text) for NVIC_Init
    motor.o(.text) refers to stm32f10x_rcc.o(.text) for RCC_APB2PeriphClockCmd
    motor.o(.text) refers to stm32f10x_gpio.o(.text) for GPIO_Init
    led.o(.text) refers to stm32f10x_rcc.o(.text) for RCC_APB2PeriphClockCmd
    led.o(.text) refers to stm32f10x_gpio.o(.text) for GPIO_PinRemapConfig
    i2c.o(.text) refers to stm32f10x_rcc.o(.text) for RCC_APB2PeriphClockCmd
    i2c.o(.text) refers to stm32f10x_gpio.o(.text) for GPIO_Init
    systick.o(.text) refers to faddsub_clz.o(x$fpl$fadd) for __aeabi_fadd
    systick.o(.text) refers to car.o(.text) for GetMotorPulse
    systick.o(.text) refers to remote.o(.text) for Remote_Control
    systick.o(.text) refers to frleqf.o(x$fpl$frleqf) for __aeabi_cfrcmple
    systick.o(.text) refers to system_stm32f10x.o(.data) for SystemCoreClock
    systick.o(.text) refers to car.o(.data) for BST_u8SpeedControlCount
    car.o(.text) refers to stm32f10x_tim.o(.text) for TIM_GetCounter
    car.o(.text) refers to feqf.o(x$fpl$feqf) for __aeabi_cfcmpeq
    car.o(.text) refers to fleqf.o(x$fpl$fleqf) for __aeabi_cfcmple
[...]
    .text                                    0x080064e4   Section       78  rt_memclr_w.o(.text)
    .text                                    0x08006534   Section        8  libspace.o(.text)
    .text                                    0x0800653c   Section       74  sys_stackheap_outer.o(.text)
    .text                                    0x08006586   Section        0  exit.o(.text)
    .text                                    0x08006598   Section        0  sys_exit.o(.text)
    .text                                    0x080065a4   Section        2  use_no_semi.o(.text)
    .text                                    0x080065a6   Section        0  indicate_semi.o(.text)
    i.__ARM_fpclassify                       0x080065a6   Section        0  fpclassify.o(i.__ARM_fpclassify)
    i.__kernel_poly                          0x080065ce   Section        0  poly.o(i.__kernel_poly)
    i.__mathlib_dbl_infnan                   0x08006678   Section        0  dunder.o(i.__mathlib_dbl_infnan)
    i.__mathlib_dbl_infnan2                  0x0800667e   Section        0  dunder.o(i.__mathlib_dbl_infnan2)
    i.__mathlib_dbl_invalid                  0x08006682   Section        0  dunder.o(i.__mathlib_dbl_invalid)
    i.__mathlib_dbl_underflow                0x08006690   Section        0  dunder.o(i.__mathlib_dbl_underflow)
    i.asin                                   0x080066a0   Section        0  asin.o(i.asin)
    i.atan                                   0x08006910   Section        0  atan.o(i.atan)
    i.atan2                                  0x08006b30   Section        0  atan2.o(i.atan2)
    i.sqrt                                   0x08006ccc   Section        0  sqrt.o(i.sqrt)
    x$fpl$d2f                                0x08006d18   Section       98  d2f.o(x$fpl$d2f)
    x$fpl$dadd                               0x08006d7c   Section      336  daddsub_clz.o(x$fpl$dadd)
    _dadd1                                   0x08006d8d   Thumb Code     0  daddsub_clz.o(x$fpl$dadd)
    x$fpl$dcheck1                            0x08006ecc   Section       16  dcheck1.o(x$fpl$dcheck1)
    x$fpl$dcmpinf                            0x08006edc   Section       24  dcmpi.o(x$fpl$dcmpinf)
    x$fpl$ddiv                               0x08006ef4   Section      688  ddiv.o(x$fpl$ddiv)
    ddiv_entry                               0x08006efb   Thumb Code     0  ddiv.o(x$fpl$ddiv)
    x$fpl$deqf                               0x080071a4   Section      120  deqf.o(x$fpl$deqf)
    x$fpl$dleqf                              0x0800721c   Section      120  dleqf.o(x$fpl$dleqf)
    x$fpl$dmul                               0x08007294   Section      340  dmul.o(x$fpl$dmul)
    x$fpl$dnaninf                            0x080073e8   Section      156  dnaninf.o(x$fpl$dnaninf)
    x$fpl$dretinf                            0x08007484   Section       12  dretinf.o(x$fpl$dretinf)
    x$fpl$drleqf                             0x08007490   Section      108  drleqf.o(x$fpl$drleqf)
    x$fpl$drsb                               0x080074fc   Section       22  daddsub_clz.o(x$fpl$drsb)
    x$fpl$dsqrt                              0x08007514   Section      460  dsqrt_noumaal.o(x$fpl$dsqrt)
    x$fpl$dsub                               0x080076e0   Section      468  daddsub_clz.o(x$fpl$dsub)
    _dsub1                                   0x080076f1   Thumb Code     0  daddsub_clz.o(x$fpl$dsub)
    x$fpl$f2d                                0x080078b4   Section       86  f2d.o(x$fpl$f2d)
    x$fpl$fadd                               0x0800790c   Section      196  faddsub_clz.o(x$fpl$fadd)
    _fadd1                                   0x0800791b   Thumb Code     0  faddsub_clz.o(x$fpl$fadd)
    x$fpl$fcmpinf                            0x080079d0   Section       24  fcmpi.o(x$fpl$fcmpinf)
    x$fpl$fdiv                               0x080079e8   Section      388  fdiv.o(x$fpl$fdiv)
    _fdiv1                                   0x080079e9   Thumb Code     0  fdiv.o(x$fpl$fdiv)
    x$fpl$feqf                               0x08007b6c   Section      104  feqf.o(x$fpl$feqf)
    x$fpl$ffix                               0x08007bd4   Section       54  ffix.o(x$fpl$ffix)
    x$fpl$ffixu                              0x08007c0c   Section       62  ffixu.o(x$fpl$ffixu)
    x$fpl$fflt                               0x08007c4c   Section       48  fflt_clz.o(x$fpl$fflt)
    x$fpl$ffltu                              0x08007c7c   Section       38  fflt_clz.o(x$fpl$ffltu)
    x$fpl$fleqf                              0x08007ca4   Section      104  fleqf.o(x$fpl$fleqf)
    x$fpl$fmul                               0x08007d0c   Section      258  fmul.o(x$fpl$fmul)
    x$fpl$fnaninf                            0x08007e0e   Section      140  fnaninf.o(x$fpl$fnaninf)
    x$fpl$fretinf                            0x08007e9a   Section       10  fretinf.o(x$fpl$fretinf)
    x$fpl$frleqf                             0x08007ea4   Section       98  frleqf.o(x$fpl$frleqf)
    x$fpl$fsub                               0x08007f08   Section      234  faddsub_clz.o(x$fpl$fsub)
    _fsub1                                   0x08007f17   Thumb Code     0  faddsub_clz.o(x$fpl$fsub)
    x$fpl$retnan                             0x08007ff2   Section      100  retnan.o(x$fpl$retnan)
    x$fpl$scalbn                             0x08008056   Section       92  scalbn.o(x$fpl$scalbn)
    x$fpl$trapveneer                         0x080080b2   Section       48  trapv.o(x$fpl$trapveneer)
    x$fpl$usenofp                            0x080080e2   Section        0  usenofp.o(x$fpl$usenofp)
    .constdata                               0x080080e4   Section       80  inv_mpu.o(.constdata)
    .constdata                               0x08008134   Section     3062  inv_mpu_dmp_motion_driver.o(.constdata)
    dmp_memory                               0x08008134   Data        3062  inv_mpu_dmp_motion_driver.o(.constdata)
    .constdata                               0x08008d30   Section       80  asin.o(.constdata)
    pS                                       0x08008d30   Data          48  asin.o(.constdata)
    qS                                       0x08008d60   Data          32  asin.o(.constdata)
    .constdata                               0x08008d80   Section      152  atan.o(.constdata)
    atanhi                                   0x08008d80   Data          32  atan.o(.constdata)
    atanlo                                   0x08008da0   Data          32  atan.o(.constdata)
    aTodd                                    0x08008dc0   Data          40  atan.o(.constdata)
    aTeven                                   0x08008de8   Data          48  atan.o(.constdata)
    .constdata                               0x08008e18   Section        8  qnan.o(.constdata)
    .conststring                             0x08008e20   Section       78  inv_mpu.o(.conststring)
    .data                                    0x20000000   Section       20  system_stm32f10x.o(.data)
    .data                                    0x20000014   Section       21  usart.o(.data)
    .data                                    0x20000029   Section       20  stm32f10x_rcc.o(.data)
    APBAHBPrescTable                         0x20000029   Data          16  stm32f10x_rcc.o(.data)
    ADCPrescTable                            0x20000039   Data           4  stm32f10x_rcc.o(.data)
    .data                                    0x20000040   Section      144  car.o(.data)
    .data                                    0x200000d0   Section       44  inv_mpu.o(.data)
    st                                       0x200000d0   Data          44  inv_mpu.o(.data)
    .data                                    0x200000fc   Section       59  mpu6050.o(.data)
    gyro_orientation                         0x200000fc   Data           9  mpu6050.o(.data)
    .data                                    0x20000138   Section        4  remote.o(.data)
    .bss                                     0x2000013c   Section       16  inv_mpu_dmp_motion_driver.o(.bss)
    dmp                                      0x2000013c   Data          16  inv_mpu_dmp_motion_driver.o(.bss)
    .bss                                     0x2000014c   Section       16  mpu6050.o(.bss)
    .bss                                     0x2000015c   Section       96  libspace.o(.bss)
    HEAP                                     0x200001c0   Section      512  startup_stm32f10x_hd.o(HEAP)
    Heap_Mem                                 0x200001c0   Data         512  startup_stm32f10x_hd.o(HEAP)
    STACK                                    0x200003c0   Section     1024  startup_stm32f10x_hd.o(STACK)
    Stack_Mem                                0x200003c0   Data        1024  startup_stm32f10x_hd.o(STACK)
    __initial_sp                             0x200007c0   Data           0  startup_stm32f10x_hd.o(STACK)

    Global Symbols

    Symbol Name                              Value     Ov Type        Size  Object(Section)

    BuildAttributes$$THM_ISAv4$P$D$K$B$S$PE$A:L22UL41UL21$X:L11$S22US41US21$IEEE1$IW$USESV6$~STKCKD$USESV7$~SHL$OTIME$ROPI$IEEEX$EBA8$UX$STANDARDLIB$REQ8$PRES8$EABIv2 0x00000000   Number         0  anon$$obj.o ABSOLUTE
    __ARM_use_no_argv                        0x00000000   Number         0  main.o ABSOLUTE
    __ARM_exceptions_init                     - Undefined Weak Reference
    __alloca_initialize                       - Undefined Weak Reference
    __arm_fini_                               - Undefined Weak Reference
    __arm_preinit_                            - Undefined Weak Reference
    __cpp_initialize__aeabi_                  - Undefined Weak Reference
    __cxa_finalize                            - Undefined Weak Reference
    __rt_locale                               - Undefined Weak Reference
    __sigvec_lookup                           - Undefined Weak Reference
    _atexit_init                              - Undefined Weak Reference
    _call_atexit_fns                          - Undefined Weak Reference
    _clock_init                               - Undefined Weak Reference
    _fp_trap_init                             - Undefined Weak Reference
    _fp_trap_shutdown                         - Undefined Weak Reference
    _get_lc_collate                           - Undefined Weak Reference
    _get_lc_ctype                             - Undefined Weak Reference
    _get_lc_monetary                          - Undefined Weak Reference
    _get_lc_numeric                           - Undefined Weak Reference
    _get_lc_time                              - Undefined Weak Reference
    _getenv_init                              - Undefined Weak Reference
    _handle_redirection                       - Undefined Weak Reference
    _init_alloc                               - Undefined Weak Reference
    _init_user_alloc                          - Undefined Weak Reference
    _initio                                   - Undefined Weak Reference
    _rand_init                                - Undefined Weak Reference
    _signal_finish                            - Undefined Weak Reference
    _signal_init                              - Undefined Weak Reference
    _terminate_alloc                          - Undefined Weak Reference
    _terminate_user_alloc                     - Undefined Weak Reference
    _terminateio                              - Undefined Weak Reference
    __Vectors_Size                           0x00000130   Number         0  startup_stm32f10x_hd.o ABSOLUTE
    __Vectors                                0x08000000   Data           4  startup_stm32f10x_hd.o(RESET)
    __Vectors_End                            0x08000130   Data           0  startup_stm32f10x_hd.o(RESET)
    __main                                   0x08000131   Thumb Code     8  __main.o(!!!main)
    __scatterload                            0x08000139   Thumb Code     0  __scatter.o(!!!scatter)
    __scatterload_rt2                        0x08000139   Thumb Code    44  __scatter.o(!!!scatter)
    __scatterload_rt2_thumb_only             0x08000139   Thumb Code     0  __scatter.o(!!!scatter)
    __scatterload_null                       0x08000147   Thumb Code     0  __scatter.o(!!!scatter)
    __decompress                             0x0800016d   Thumb Code    90  __dczerorl2.o(!!dczerorl2)
    __decompress1                            0x0800016d   Thumb Code     0  __dczerorl2.o(!!dczerorl2)
    __scatterload_zeroinit                   0x080001c9   Thumb Code    28  __scatter_zi.o(!!handler_zi)
    __rt_lib_init                            0x080001e5   Thumb Code     0  libinit.o(.ARM.Collect$$libinit$$00000000)
    __rt_lib_init_alloca_1                   0x080001e7   Thumb Code     0  libinit2.o(.ARM.Collect$$libinit$$0000002E)
    __rt_lib_init_argv_1                     0x080001e7   Thumb Code     0  libinit2.o(.ARM.Collect$$libinit$$0000002C)
    __rt_lib_init_atexit_1                   0x080001e7   Thumb Code     0  libinit2.o(.ARM.Collect$$libinit$$0000001B)
    __rt_lib_init_clock_1                    0x080001e7   Thumb Code     0  libinit2.o(.ARM.Collect$$libinit$$00000021)
    __rt_lib_init_cpp_1                      0x080001e7   Thumb Code     0  libinit2.o(.ARM.Collect$$libinit$$00000032)
    __rt_lib_init_exceptions_1               0x080001e7   Thumb Code     0  libinit2.o(.ARM.Collect$$libinit$$00000030)
    __rt_lib_init_fp_1                       0x080001e7   Thumb Code     0  libinit2.o(.ARM.Collect$$libinit$$00000002)
    __rt_lib_init_fp_trap_1                  0x080001e7   Thumb Code     0  libinit2.o(.ARM.Collect$$libinit$$0000001F)
    __rt_lib_init_getenv_1                   0x080001e7   Thumb Code     0  libinit2.o(.ARM.Collect$$libinit$$00000023)
    __rt_lib_init_heap_1                     0x080001e7   Thumb Code     0  libinit2.o(.ARM.Collect$$libinit$$0000000A)
    __rt_lib_init_lc_collate_1               0x080001e7   Thumb Code     0  libinit2.o(.ARM.Collect$$libinit$$00000011)
    __rt_lib_init_lc_ctype_1                 0x080001e7   Thumb Code     0  libinit2.o(.ARM.Collect$$libinit$$00000013)
    __rt_lib_init_lc_monetary_1              0x080001e7   Thumb Code     0  libinit2.o(.ARM.Collect$$libinit$$00000015)
    __rt_lib_init_lc_numeric_1               0x080001e7   Thumb Code     0  libinit2.o(.ARM.Collect$$libinit$$00000017)
    __rt_lib_init_lc_time_1                  0x080001e7   Thumb Code     0  libinit2.o(.ARM.Collect$$libinit$$00000019)
    __rt_lib_init_preinit_1                  0x080001e7   Thumb Code     0  libinit2.o(.ARM.Collect$$libinit$$00000004)
    __rt_lib_init_rand_1                     0x080001e7   Thumb Code     0  libinit2.o(.ARM.Collect$$libinit$$0000000E)
    __rt_lib_init_return                     0x080001e7   Thumb Code     0  libinit2.o(.ARM.Collect$$libinit$$00000033)
    __rt_lib_init_signal_1                   0x080001e7   Thumb Code     0  libinit2.o(.ARM.Collect$$libinit$$0000001D)
    __rt_lib_init_stdio_1                    0x080001e7   Thumb Code     0  libinit2.o(.ARM.Collect$$libinit$$00000025)
    __rt_lib_init_user_alloc_1               0x080001e7   Thumb Code     0  libinit2.o(.ARM.Collect$$libinit$$0000000C)
    __rt_lib_shutdown                        0x080001e9   Thumb Code     0  libshutdown.o(.ARM.Collect$$libshutdown$$00000000)
    __rt_lib_shutdown_cpp_1                  0x080001eb   Thumb Code     0  libshutdown2.o(.ARM.Collect$$libshutdown$$00000004)
    __rt_lib_shutdown_fini_1                 0x080001eb   Thumb Code     0  libshutdown2.o(.ARM.Collect$$libshutdown$$00000002)
    __rt_lib_shutdown_fp_trap_1              0x080001eb   Thumb Code     0  libshutdown2.o(.ARM.Collect$$libshutdown$$00000009)
    __rt_lib_shutdown_heap_1                 0x080001eb   Thumb Code     0  libshutdown2.o(.ARM.Collect$$libshutdown$$00000011)
    __rt_lib_shutdown_return                 0x080001eb   Thumb Code     0  libshutdown2.o(.ARM.Collect$$libshutdown$$00000012)
    __rt_lib_shutdown_signal_1               0x080001eb   Thumb Code     0  libshutdown2.o(.ARM.Collect$$libshutdown$$0000000C)
    __rt_lib_shutdown_stdio_1                0x080001eb   Thumb Code     0  libshutdown2.o(.ARM.Collect$$libshutdown$$00000006)
    __rt_lib_shutdown_user_alloc_1           0x080001eb   Thumb Code     0  libshutdown2.o(.ARM.Collect$$libshutdown$$0000000E)
    __rt_entry                               0x080001ed   Thumb Code     0  __rtentry.o(.ARM.Collect$$rtentry$$00000000)
    __rt_entry_presh_1                       0x080001ed   Thumb Code     0  __rtentry2.o(.ARM.Collect$$rtentry$$00000002)
    __rt_entry_sh                            0x080001ed   Thumb Code     0  __rtentry4.o(.ARM.Collect$$rtentry$$00000004)
    __rt_entry_li                            0x080001f3   Thumb Code     0  __rtentry2.o(.ARM.Collect$$rtentry$$0000000A)
    __rt_entry_postsh_1                      0x080001f3   Thumb Code     0  __rtentry2.o(.ARM.Collect$$rtentry$$00000009)
    __rt_entry_main                          0x080001f7   Thumb Code     0  __rtentry2.o(.ARM.Collect$$rtentry$$0000000D)
    __rt_entry_postli_1                      0x080001f7   Thumb Code     0  __rtentry2.o(.ARM.Collect$$rtentry$$0000000C)
    __rt_exit                                0x080001ff   Thumb Code     0  rtexit.o(.ARM.Collect$$rtexit$$00000000)
    __rt_exit_ls                             0x08000201   Thumb Code     0  rtexit2.o(.ARM.Collect$$rtexit$$00000003)
    __rt_exit_prels_1                        0x08000201   Thumb Code     0  rtexit2.o(.ARM.Collect$$rtexit$$00000002)
    __rt_exit_exit                           0x08000205   Thumb Code     0  rtexit2.o(.ARM.Collect$$rtexit$$00000004)
    Reset_Handler                            0x0800020d   Thumb Code     8  startup_stm32f10x_hd.o(.text)
    ADC1_2_IRQHandler                        0x08000227   Thumb Code     0  startup_stm32f10x_hd.o(.text)
    ADC3_IRQHandler                          0x08000227   Thumb Code     0  startup_stm32f10x_hd.o(.text)
    CAN1_RX1_IRQHandler                      0x08000227   Thumb Code     0  startup_stm32f10x_hd.o(.text)
    CAN1_SCE_IRQHandler                      0x08000227   Thumb Code     0  startup_stm32f10x_hd.o(.text)
    DMA1_Channel1_IRQHandler                 0x08000227   Thumb Code     0  startup_stm32f10x_hd.o(.text)
    DMA1_Channel2_IRQHandler                 0x08000227   Thumb Code     0  startup_stm32f10x_hd.o(.text)
    DMA1_Channel3_IRQHandler                 0x08000227   Thumb Code     0  startup_stm32f10x_hd.o(.text)
    DMA1_Channel4_IRQHandler                 0x08000227   Thumb Code     0  startup_stm32f10x_hd.o(.text)
    DMA1_Channel5_IRQHandler                 0x08000227   Thumb Code     0  startup_stm32f10x_hd.o(.text)
    DMA1_Channel6_IRQHandler                 0x08000227   Thumb Code     0  startup_stm32f10x_hd.o(.text)
    DMA1_Channel7_IRQHandler                 0x08000227   Thumb Code     0  startup_stm32f10x_hd.o(.text)
    DMA2_Channel1_IRQHandler                 0x08000227   Thumb Code     0  startup_stm32f10x_hd.o(.text)
    DMA2_Channel2_IRQHandler                 0x08000227   Thumb Code     0  startup_stm32f10x_hd.o(.text)
    DMA2_Channel3_IRQHandler                 0x08000227   Thumb Code     0  startup_stm32f10x_hd.o(.text)
    DMA2_Channel4_5_IRQHandler               0x08000227   Thumb Code     0  startup_stm32f10x_hd.o(.text)
    EXTI0_IRQHandler                         0x08000227   Thumb Code     0  startup_stm32f10x_hd.o(.text)
    EXTI15_10_IRQHandler                     0x08000227   Thumb Code     0  startup_stm32f10x_hd.o(.text)
    EXTI1_IRQHandler                         0x08000227   Thumb Code     0  startup_stm32f10x_hd.o(.text)
    EXTI2_IRQHandler                         0x08000227   Thumb Code     0  startup_stm32f10x_hd.o(.text)
    EXTI3_IRQHandler                         0x08000227   Thumb Code     0  startup_stm32f10x_hd.o(.text)
    EXTI4_IRQHandler                         0x08000227   Thumb Code     0  startup_stm32f10x_hd.o(.text)
    EXTI9_5_IRQHandler                       0x08000227   Thumb Code     0  startup_stm32f10x_hd.o(.text)
    FLASH_IRQHandler                         0x08000227   Thumb Code     0  startup_stm32f10x_hd.o(.text)
    FSMC_IRQHandler                          0x08000227   Thumb Code     0  startup_stm32f10x_hd.o(.text)
    I2C1_ER_IRQHandler                       0x08000227   Thumb Code     0  startup_stm32f10x_hd.o(.text)
    I2C1_EV_IRQHandler                       0x08000227   Thumb Code     0  startup_stm32f10x_hd.o(.text)
    I2C2_ER_IRQHandler                       0x08000227   Thumb Code     0  startup_stm32f10x_hd.o(.text)
    I2C2_EV_IRQHandler                       0x08000227   Thumb Code     0  startup_stm32f10x_hd.o(.text)
    PVD_IRQHandler                           0x08000227   Thumb Code     0  startup_stm32f10x_hd.o(.text)
    RCC_IRQHandler                           0x08000227   Thumb Code     0  startup_stm32f10x_hd.o(.text)
    RTCAlarm_IRQHandler                      0x08000227   Thumb Code     0  startup_stm32f10x_hd.o(.text)
    RTC_IRQHandler                           0x08000227   Thumb Code     0  startup_stm32f10x_hd.o(.text)
    SDIO_IRQHandler                          0x08000227   Thumb Code     0  startup_stm32f10x_hd.o(.text)
    SPI1_IRQHandler                          0x08000227   Thumb Code     0  startup_stm32f10x_hd.o(.text)
    SPI2_IRQHandler                          0x08000227   Thumb Code     0  startup_stm32f10x_hd.o(.text)
    SPI3_IRQHandler                          0x08000227   Thumb Code     0  startup_stm32f10x_hd.o(.text)
    TAMPER_IRQHandler                        0x08000227   Thumb Code     0  startup_stm32f10x_hd.o(.text)
    TIM1_BRK_IRQHandler                      0x08000227   Thumb Code     0  startup_stm32f10x_hd.o(.text)
    TIM1_CC_IRQHandler                       0x08000227   Thumb Code     0  startup_stm32f10x_hd.o(.text)
    TIM1_TRG_COM_IRQHandler                  0x08000227   Thumb Code     0  startup_stm32f10x_hd.o(.text)
    TIM1_UP_IRQHandler                       0x08000227   Thumb Code     0  startup_stm32f10x_hd.o(.text)
    TIM2_IRQHandler                          0x08000227   Thumb Code     0  startup_stm32f10x_hd.o(.text)
    TIM5_IRQHandler                          0x08000227   Thumb Code     0  startup_stm32f10x_hd.o(.text)
    TIM6_IRQHandler                          0x08000227   Thumb Code     0  startup_stm32f10x_hd.o(.text)
    TIM7_IRQHandler                          0x08000227   Thumb Code     0  startup_stm32f10x_hd.o(.text)
    TIM8_BRK_IRQHandler                      0x08000227   Thumb Code     0  startup_stm32f10x_hd.o(.text)
    TIM8_CC_IRQHandler                       0x08000227   Thumb Code     0  startup_stm32f10x_hd.o(.text)
    TIM8_TRG_COM_IRQHandler                  0x08000227   Thumb Code     0  startup_stm32f10x_hd.o(.text)
    TIM8_UP_IRQHandler                       0x08000227   Thumb Code     0  startup_stm32f10x_hd.o(.text)
    UART4_IRQHandler                         0x08000227   Thumb Code     0  startup_stm32f10x_hd.o(.text)
    UART5_IRQHandler                         0x08000227   Thumb Code     0  startup_stm32f10x_hd.o(.text)
    USART1_IRQHandler                        0x08000227   Thumb Code     0  startup_stm32f10x_hd.o(.text)
    USART2_IRQHandler                        0x08000227   Thumb Code     0  startup_stm32f10x_hd.o(.text)
    USBWakeUp_IRQHandler                     0x08000227   Thumb Code     0  startup_stm32f10x_hd.o(.text)
    USB_HP_CAN1_TX_IRQHandler                0x08000227   Thumb Code     0  startup_stm32f10x_hd.o(.text)
    USB_LP_CAN1_RX0_IRQHandler               0x08000227   Thumb Code     0  startup_stm32f10x_hd.o(.text)
    WWDG_IRQHandler                          0x08000227   Thumb Code     0  startup_stm32f10x_hd.o(.text)
    __user_initial_stackheap                 0x08000229   Thumb Code     0  startup_stm32f10x_hd.o(.text)
    main                                     0x0800024d   Thumb Code    66  main.o(.text)
    NMI_Handler                              0x0800028f   Thumb Code     2  stm32f10x_it.o(.text)
    HardFault_Handler                        0x08000291   Thumb Code     4  stm32f10x_it.o(.text)
    MemManage_Handler                        0x08000295   Thumb Code     4  stm32f10x_it.o(.text)
    BusFault_Handler                         0x08000299   Thumb Code     4  stm32f10x_it.o(.text)
    UsageFault_Handler                       0x0800029d   Thumb Code     4  stm32f10x_it.o(.text)
    SVC_Handler                              0x080002a1   Thumb Code     2  stm32f10x_it.o(.text)
    DebugMon_Handler                         0x080002a3   Thumb Code     2  stm32f10x_it.o(.text)
    PendSV_Handler                           0x080002a5   Thumb Code     2  stm32f10x_it.o(.text)
    SystemInit                               0x08000387   Thumb Code    78  system_stm32f10x.o(.text)
    SystemCoreClockUpdate                    0x080003d5   Thumb Code   142  system_stm32f10x.o(.text)
    delay_us                                 0x08000489   Thumb Code    26  delay.o(.text)
    delay_ms                                 0x080004a3   Thumb Code    24  delay.o(.text)
    get_ms                                   0x080004bb   Thumb Code     2  delay.o(.text)
    delay_nms                                0x080004bd   Thumb Code    32  delay.o(.text)
    USART1_Config                            0x080004dd   Thumb Code   114  usart.o(.text)
    NVIC_Configurationusart3                 0x0800054f   Thumb Code    40  usart.o(.text)
    USART3_Config                            0x08000577   Thumb Code   136  usart.o(.text)
    USART3_IRQHandler                        0x080005ff   Thumb Code   194  usart.o(.text)
    fputc                                    0x080006c1   Thumb Code    32  usart.o(.text)
    PrintChar                                0x080006e1   Thumb Code    40  usart.o(.text)
    NVIC_PriorityGroupConfig                 0x0800072d   Thumb Code    10  misc.o(.text)
    NVIC_Init                                0x08000737   Thumb Code   100  misc.o(.text)
    NVIC_SetVectorTable                      0x0800079b   Thumb Code    14  misc.o(.text)
    NVIC_SystemLPConfig                      0x080007a9   Thumb Code    34  misc.o(.text)
    SysTick_CLKSourceConfig                  0x080007cb   Thumb Code    40  misc.o(.text)
    GPIO_DeInit                              0x08000809   Thumb Code   172  stm32f10x_gpio.o(.text)
    GPIO_AFIODeInit                          0x080008b5   Thumb Code    20  stm32f10x_gpio.o(.text)
    GPIO_Init                                0x080008c9   Thumb Code   278  stm32f10x_gpio.o(.text)
    GPIO_StructInit                          0x080009df   Thumb Code    16  stm32f10x_gpio.o(.text)
    GPIO_ReadInputDataBit                    0x080009ef   Thumb Code    18  stm32f10x_gpio.o(.text)
    GPIO_ReadInputData                       0x08000a01   Thumb Code     8  stm32f10x_gpio.o(.text)
    GPIO_ReadOutputDataBit                   0x08000a09   Thumb Code    18  stm32f10x_gpio.o(.text)
    GPIO_ReadOutputData                      0x08000a1b   Thumb Code     8  stm32f10x_gpio.o(.text)
    GPIO_SetBits                             0x08000a23   Thumb Code     4  stm32f10x_gpio.o(.text)
    GPIO_ResetBits                           0x08000a27   Thumb Code     4  stm32f10x_gpio.o(.text)
    GPIO_WriteBit                            0x08000a2b   Thumb Code    10  stm32f10x_gpio.o(.text)
    GPIO_Write                               0x08000a35   Thumb Code     4  stm32f10x_gpio.o(.text)
    GPIO_PinLockConfig                       0x08000a39   Thumb Code    18  stm32f10x_gpio.o(.text)
    GPIO_EventOutputConfig                   0x08000a4b   Thumb Code    26  stm32f10x_gpio.o(.text)
    GPIO_EventOutputCmd                      0x08000a65   Thumb Code     6  stm32f10x_gpio.o(.text)
    GPIO_PinRemapConfig                      0x08000a6b   Thumb Code   138  stm32f10x_gpio.o(.text)
    GPIO_EXTILineConfig                      0x08000af5   Thumb Code    66  stm32f10x_gpio.o(.text)
    GPIO_ETH_MediaInterfaceConfig            0x08000b37   Thumb Code     8  stm32f10x_gpio.o(.text)
    RCC_DeInit                               0x08000b65   Thumb Code    64  stm32f10x_rcc.o(.text)
    RCC_HSEConfig                            0x08000ba5   Thumb Code    70  stm32f10x_rcc.o(.text)
    RCC_GetFlagStatus                        0x08000beb   Thumb Code    56  stm32f10x_rcc.o(.text)
    RCC_WaitForHSEStartUp                    0x08000c23   Thumb Code    56  stm32f10x_rcc.o(.text)
    RCC_AdjustHSICalibrationValue            0x08000c5b   Thumb Code    20  stm32f10x_rcc.o(.text)
    RCC_HSICmd                               0x08000c6f   Thumb Code     6  stm32f10x_rcc.o(.text)
    RCC_PLLConfig                            0x08000c75   Thumb Code    24  stm32f10x_rcc.o(.text)
    RCC_PLLCmd                               0x08000c8d   Thumb Code     6  stm32f10x_rcc.o(.text)
    RCC_SYSCLKConfig                         0x08000c93   Thumb Code    18  stm32f10x_rcc.o(.text)
    RCC_GetSYSCLKSource                      0x08000ca5   Thumb Code    10  stm32f10x_rcc.o(.text)
    RCC_HCLKConfig                           0x08000caf   Thumb Code    18  stm32f10x_rcc.o(.text)
    RCC_PCLK1Config                          0x08000cc1   Thumb Code    18  stm32f10x_rcc.o(.text)
    RCC_PCLK2Config                          0x08000cd3   Thumb Code    20  stm32f10x_rcc.o(.text)
    RCC_ITConfig                             0x08000ce7   Thumb Code    26  stm32f10x_rcc.o(.text)
    RCC_USBCLKConfig                         0x08000d01   Thumb Code     8  stm32f10x_rcc.o(.text)
    RCC_ADCCLKConfig                         0x08000d09   Thumb Code    18  stm32f10x_rcc.o(.text)
    RCC_LSEConfig                            0x08000d1b   Thumb Code    50  stm32f10x_rcc.o(.text)
    RCC_LSICmd                               0x08000d4d   Thumb Code     6  stm32f10x_rcc.o(.text)
    RCC_RTCCLKConfig                         0x08000d53   Thumb Code    12  stm32f10x_rcc.o(.text)
    RCC_RTCCLKCmd                            0x08000d5f   Thumb Code     8  stm32f10x_rcc.o(.text)
    RCC_GetClocksFreq                        0x08000d67   Thumb Code   192  stm32f10x_rcc.o(.text)
    RCC_AHBPeriphClockCmd                    0x08000e27   Thumb Code    26  stm32f10x_rcc.o(.text)
    RCC_APB2PeriphClockCmd                   0x08000e41   Thumb Code    26  stm32f10x_rcc.o(.text)
    RCC_APB1PeriphClockCmd                   0x08000e5b   Thumb Code    26  stm32f10x_rcc.o(.text)
    RCC_APB2PeriphResetCmd                   0x08000e75   Thumb Code    26  stm32f10x_rcc.o(.text)
    RCC_APB1PeriphResetCmd                   0x08000e8f   Thumb Code    26  stm32f10x_rcc.o(.text)
    RCC_BackupResetCmd                       0x08000ea9   Thumb Code     8  stm32f10x_rcc.o(.text)
    RCC_ClockSecuritySystemCmd               0x08000eb1   Thumb Code     6  stm32f10x_rcc.o(.text)
    RCC_MCOConfig                            0x08000eb7   Thumb Code     6  stm32f10x_rcc.o(.text)
    RCC_ClearFlag                            0x08000ebd   Thumb Code    14  stm32f10x_rcc.o(.text)
    RCC_GetITStatus                          0x08000ecb   Thumb Code    20  stm32f10x_rcc.o(.text)
    RCC_ClearITPendingBit                    0x08000edf   Thumb Code     6  stm32f10x_rcc.o(.text)
    TIM_DeInit                               0x08000f09   Thumb Code   424  stm32f10x_tim.o(.text)
    TIM_TimeBaseInit                         0x080010b1   Thumb Code   122  stm32f10x_tim.o(.text)
    TIM_OC1Init                              0x0800112b   Thumb Code   132  stm32f10x_tim.o(.text)
    TIM_OC2Init                              0x080011af   Thumb Code   154  stm32f10x_tim.o(.text)
    TIM_OC3Init                              0x08001249   Thumb Code   150  stm32f10x_tim.o(.text)
    TIM_OC4Init                              0x080012df   Thumb Code   182  stm32f10x_tim.o(.text)
    TIM_SetIC4Prescaler                      0x08001395   Thumb Code    26  stm32f10x_tim.o(.text)
    TIM_SetIC3Prescaler                      0x08001431   Thumb Code    18  stm32f10x_tim.o(.text)
    TIM_SetIC2Prescaler                      0x080014bd   Thumb Code    26  stm32f10x_tim.o(.text)
    TIM_SetIC1Prescaler                      0x08001559   Thumb Code    18  stm32f10x_tim.o(.text)
    TIM_ICInit                               0x080015d7   Thumb Code   150  stm32f10x_tim.o(.text)
    TIM_PWMIConfig                           0x0800166d   Thumb Code   124  stm32f10x_tim.o(.text)
    TIM_BDTRConfig                           0x080016e9   Thumb Code    32  stm32f10x_tim.o(.text)
    TIM_TimeBaseStructInit                   0x08001709   Thumb Code    18  stm32f10x_tim.o(.text)
    TIM_OCStructInit                         0x0800171b   Thumb Code    20  stm32f10x_tim.o(.text)
    TIM_ICStructInit                         0x0800172f   Thumb Code    18  stm32f10x_tim.o(.text)
    TIM_BDTRStructInit                       0x08001741   Thumb Code    40  stm32f10x_tim.o(.text)
    TIM_Cmd                                  0x08001769   Thumb Code    24  stm32f10x_tim.o(.text)
    TIM_CtrlPWMOutputs                       0x08001781   Thumb Code    30  stm32f10x_tim.o(.text)
    TIM_ITConfig                             0x0800179f   Thumb Code    18  stm32f10x_tim.o(.text)
    TIM_GenerateEvent                        0x080017b1   Thumb Code     4  stm32f10x_tim.o(.text)
    TIM_DMAConfig                            0x080017b5   Thumb Code    10  stm32f10x_tim.o(.text)
    TIM_DMACmd                               0x080017bf   Thumb Code    18  stm32f10x_tim.o(.text)
    TIM_InternalClockConfig                  0x080017d1   Thumb Code    12  stm32f10x_tim.o(.text)
    TIM_SelectInputTrigger                   0x080017dd   Thumb Code    18  stm32f10x_tim.o(.text)
    TIM_ITRxExternalClockConfig              0x080017ef   Thumb Code    24  stm32f10x_tim.o(.text)
    TIM_TIxExternalClockConfig               0x08001807   Thumb Code    62  stm32f10x_tim.o(.text)
    TIM_ETRConfig                            0x08001845   Thumb Code    28  stm32f10x_tim.o(.text)
    TIM_ETRClockMode1Config                  0x08001861   Thumb Code    54  stm32f10x_tim.o(.text)
    TIM_ETRClockMode2Config                  0x08001897   Thumb Code    32  stm32f10x_tim.o(.text)
    TIM_PrescalerConfig                      0x080018b7   Thumb Code     6  stm32f10x_tim.o(.text)
    TIM_CounterModeConfig                    0x080018bd   Thumb Code    18  stm32f10x_tim.o(.text)
    TIM_EncoderInterfaceConfig               0x080018cf   Thumb Code    66  stm32f10x_tim.o(.text)
    TIM_ForcedOC1Config                      0x08001911   Thumb Code    18  stm32f10x_tim.o(.text)
    TIM_ForcedOC2Config                      0x08001923   Thumb Code    26  stm32f10x_tim.o(.text)
    TIM_ForcedOC3Config                      0x0800193d   Thumb Code    18  stm32f10x_tim.o(.text)
    TIM_ForcedOC4Config                      0x0800194f   Thumb Code    26  stm32f10x_tim.o(.text)
    TIM_ARRPreloadConfig                     0x08001969   Thumb Code    24  stm32f10x_tim.o(.text)
    TIM_SelectCOM                            0x08001981   Thumb Code    24  stm32f10x_tim.o(.text)
    TIM_SelectCCDMA                          0x08001999   Thumb Code    24  stm32f10x_tim.o(.text)
    TIM_CCPreloadControl                     0x080019b1   Thumb Code    24  stm32f10x_tim.o(.text)
    TIM_OC1PreloadConfig                     0x080019c9   Thumb Code    18  stm32f10x_tim.o(.text)
    TIM_OC2PreloadConfig                     0x080019db   Thumb Code    26  stm32f10x_tim.o(.text)
    TIM_OC3PreloadConfig                     0x080019f5   Thumb Code    18  stm32f10x_tim.o(.text)
    TIM_OC4PreloadConfig                     0x08001a07   Thumb Code    26  stm32f10x_tim.o(.text)
    TIM_OC1FastConfig                        0x08001a21   Thumb Code    18  stm32f10x_tim.o(.text)
    TIM_OC2FastConfig                        0x08001a33   Thumb Code    26  stm32f10x_tim.o(.text)
    TIM_OC3FastConfig                        0x08001a4d   Thumb Code    18  stm32f10x_tim.o(.text)
    TIM_OC4FastConfig                        0x08001a5f   Thumb Code    26  stm32f10x_tim.o(.text)
    TIM_ClearOC1Ref                          0x08001a79   Thumb Code    18  stm32f10x_tim.o(.text)
    TIM_ClearOC2Ref                          0x08001a8b   Thumb Code    24  stm32f10x_tim.o(.text)
    TIM_ClearOC3Ref                          0x08001aa3   Thumb Code    18  stm32f10x_tim.o(.text)
    TIM_ClearOC4Ref                          0x08001ab5   Thumb Code    24  stm32f10x_tim.o(.text)
    TIM_OC1PolarityConfig                    0x08001acd   Thumb Code    18  stm32f10x_tim.o(.text)
    TIM_OC1NPolarityConfig                   0x08001adf   Thumb Code    18  stm32f10x_tim.o(.text)
    TIM_OC2PolarityConfig                    0x08001af1   Thumb Code    26  stm32f10x_tim.o(.text)
    TIM_OC2NPolarityConfig                   0x08001b0b   Thumb Code    26  stm32f10x_tim.o(.text)
    TIM_OC3PolarityConfig                    0x08001b25   Thumb Code    26  stm32f10x_tim.o(.text)
    TIM_OC3NPolarityConfig                   0x08001b3f   Thumb Code    26  stm32f10x_tim.o(.text)
    TIM_OC4PolarityConfig                    0x08001b59   Thumb Code    26  stm32f10x_tim.o(.text)
    TIM_CCxCmd                               0x08001b73   Thumb Code    30  stm32f10x_tim.o(.text)
    TIM_CCxNCmd                              0x08001b91   Thumb Code    30  stm32f10x_tim.o(.text)
    TIM_SelectOCxM                           0x08001baf   Thumb Code    82  stm32f10x_tim.o(.text)
    TIM_UpdateDisableConfig                  0x08001c01   Thumb Code    24  stm32f10x_tim.o(.text)
    TIM_UpdateRequestConfig                  0x08001c19   Thumb Code    24  stm32f10x_tim.o(.text)
    TIM_SelectHallSensor                     0x08001c31   Thumb Code    24  stm32f10x_tim.o(.text)
    TIM_SelectOnePulseMode                   0x08001c49   Thumb Code    18  stm32f10x_tim.o(.text)
    TIM_SelectOutputTrigger                  0x08001c5b   Thumb Code    18  stm32f10x_tim.o(.text)
    TIM_SelectSlaveMode                      0x08001c6d   Thumb Code    18  stm32f10x_tim.o(.text)
    TIM_SelectMasterSlaveMode                0x08001c7f   Thumb Code    18  stm32f10x_tim.o(.text)
    TIM_SetCounter                           0x08001c91   Thumb Code     4  stm32f10x_tim.o(.text)
    TIM_SetAutoreload                        0x08001c95   Thumb Code     4  stm32f10x_tim.o(.text)
    TIM_SetCompare1                          0x08001c99   Thumb Code     4  stm32f10x_tim.o(.text)
    TIM_SetCompare2                          0x08001c9d   Thumb Code     4  stm32f10x_tim.o(.text)
    TIM_SetCompare3                          0x08001ca1   Thumb Code     4  stm32f10x_tim.o(.text)
    TIM_SetCompare4                          0x08001ca5   Thumb Code     6  stm32f10x_tim.o(.text)
    TIM_SetClockDivision                     0x08001cab   Thumb Code    18  stm32f10x_tim.o(.text)
    TIM_GetCapture1                          0x08001cbd   Thumb Code     6  stm32f10x_tim.o(.text)
    TIM_GetCapture2                          0x08001cc3   Thumb Code     6  stm32f10x_tim.o(.text)
    TIM_GetCapture3                          0x08001cc9   Thumb Code     6  stm32f10x_tim.o(.text)
    TIM_GetCapture4                          0x08001ccf   Thumb Code     8  stm32f10x_tim.o(.text)
    TIM_GetCounter                           0x08001cd7   Thumb Code     6  stm32f10x_tim.o(.text)
    TIM_GetPrescaler                         0x08001cdd   Thumb Code     6  stm32f10x_tim.o(.text)
    TIM_GetFlagStatus                        0x08001ce3   Thumb Code    18  stm32f10x_tim.o(.text)
    TIM_ClearFlag                            0x08001cf5   Thumb Code     6  stm32f10x_tim.o(.text)
    TIM_GetITStatus                          0x08001cfb   Thumb Code    34  stm32f10x_tim.o(.text)
    TIM_ClearITPendingBit                    0x08001d1d   Thumb Code     6  stm32f10x_tim.o(.text)
    USART_DeInit                             0x08001d25   Thumb Code   134  stm32f10x_usart.o(.text)
    USART_Init                               0x08001dab   Thumb Code   210  stm32f10x_usart.o(.text)
    USART_StructInit                         0x08001e7d   Thumb Code    24  stm32f10x_usart.o(.text)
    USART_ClockInit                          0x08001e95   Thumb Code    34  stm32f10x_usart.o(.text)
    USART_ClockStructInit                    0x08001eb7   Thumb Code    12  stm32f10x_usart.o(.text)
    USART_Cmd                                0x08001ec3   Thumb Code    24  stm32f10x_usart.o(.text)
    USART_ITConfig                           0x08001edb   Thumb Code    74  stm32f10x_usart.o(.text)
    USART_DMACmd                             0x08001f25   Thumb Code    18  stm32f10x_usart.o(.text)
    USART_SetAddress                         0x08001f37   Thumb Code    18  stm32f10x_usart.o(.text)
    USART_WakeUpConfig                       0x08001f49   Thumb Code    18  stm32f10x_usart.o(.text)
    USART_ReceiverWakeUpCmd                  0x08001f5b   Thumb Code    24  stm32f10x_usart.o(.text)
    USART_LINBreakDetectLengthConfig         0x08001f73   Thumb Code    18  stm32f10x_usart.o(.text)
    USART_LINCmd                             0x08001f85   Thumb Code    24  stm32f10x_usart.o(.text)
    USART_SendData                           0x08001f9d   Thumb Code     8  stm32f10x_usart.o(.text)
    USART_ReceiveData                        0x08001fa5   Thumb Code    10  stm32f10x_usart.o(.text)
    USART_SendBreak                          0x08001faf   Thumb Code    10  stm32f10x_usart.o(.text)
    USART_SetGuardTime                       0x08001fb9   Thumb Code    16  stm32f10x_usart.o(.text)
    USART_SetPrescaler                       0x08001fc9   Thumb Code    16  stm32f10x_usart.o(.text)
    USART_SmartCardCmd                       0x08001fd9   Thumb Code    24  stm32f10x_usart.o(.text)
    USART_SmartCardNACKCmd                   0x08001ff1   Thumb Code    24  stm32f10x_usart.o(.text)
    USART_HalfDuplexCmd                      0x08002009   Thumb Code    24  stm32f10x_usart.o(.text)
    USART_OverSampling8Cmd                   0x08002021   Thumb Code    22  stm32f10x_usart.o(.text)
    USART_OneBitMethodCmd                    0x08002037   Thumb Code    24  stm32f10x_usart.o(.text)
    USART_IrDAConfig                         0x0800204f   Thumb Code    18  stm32f10x_usart.o(.text)
    USART_IrDACmd                            0x08002061   Thumb Code    24  stm32f10x_usart.o(.text)
    USART_GetFlagStatus                      0x08002079   Thumb Code    26  stm32f10x_usart.o(.text)
    USART_ClearFlag                          0x08002093   Thumb Code    18  stm32f10x_usart.o(.text)
    USART_GetITStatus                        0x080020a5   Thumb Code    84  stm32f10x_usart.o(.text)
    USART_ClearITPendingBit                  0x080020f9   Thumb Code    52  stm32f10x_usart.o(.text)
    TIM2_PWM_Init                            0x0800212d   Thumb Code   176  timer.o(.text)
    TIM3_Encoder_Init                        0x080021dd   Thumb Code   172  timer.o(.text)
    TIM4_Encoder_Init                        0x08002289   Thumb Code   178  timer.o(.text)
    TIM3_IRQHandler                          0x0800233b   Thumb Code    22  timer.o(.text)
    TIM4_IRQHandler                          0x08002351   Thumb Code    22  timer.o(.text)
    MOTOR_GPIO_Config                        0x08002379   Thumb Code    50  motor.o(.text)
    LED_GPIO_Config                          0x080023b1   Thumb Code    58  led.o(.text)
    i2cInit                                  0x0800260d   Thumb Code    42  i2c.o(.text)
    i2cWriteBuffer                           0x08002637   Thumb Code   100  i2c.o(.text)
    i2cwrite                                 0x0800269b   Thumb Code    38  i2c.o(.text)
    i2cRead                                  0x080026c1   Thumb Code   120  i2c.o(.text)
    i2cread                                  0x08002739   Thumb Code    38  i2c.o(.text)
    i2cWrite                                 0x0800275f   Thumb Code    72  i2c.o(.text)
    i2cGetErrorCounter                       0x080027a7   Thumb Code     4  i2c.o(.text)
    SysTick_Init                             0x080027b1   Thumb Code   106  systick.o(.text)
    SysTick_Handler                          0x0800281b   Thumb Code    64  systick.o(.text)
    CarUpstandInit                           0x0800286d   Thumb Code    64  car.o(.text)
    GetMotorPulse                            0x080028ad   Thumb Code    90  car.o(.text)
    AngleControl                             0x08002907   Thumb Code   126  car.o(.text)
    TurnControl                              0x08002985   Thumb Code    52  car.o(.text)
    SpeedControl                             0x080029b9   Thumb Code   262  car.o(.text)
    SetMotorVoltageAndDirection              0x08002abf   Thumb Code   256  car.o(.text)
    MotorOutput                              0x08002bbf   Thumb Code   398  car.o(.text)
    mpu_reg_dump                             0x08002ddf   Thumb Code    72  inv_mpu.o(.text)
    mpu_read_reg                             0x08002e27   Thumb Code    66  inv_mpu.o(.text)
    mpu_set_int_latched                      0x08002e69   Thumb Code   102  inv_mpu.o(.text)
    mpu_set_sensors                          0x08002ecf   Thumb Code   202  inv_mpu.o(.text)
    mpu_set_bypass                           0x08002f99   Thumb Code   328  inv_mpu.o(.text)
    mpu_reset_fifo                           0x080030e1   Thumb Code   456  inv_mpu.o(.text)
    mpu_configure_fifo                       0x080032a9   Thumb Code   106  inv_mpu.o(.text)
    mpu_set_lpf                              0x08003313   Thumb Code   126  inv_mpu.o(.text)
    mpu_lp_accel_mode                        0x08003391   Thumb Code   218  inv_mpu.o(.text)
    mpu_set_sample_rate                      0x0800346b   Thumb Code   152  inv_mpu.o(.text)
    mpu_set_accel_fsr                        0x08003503   Thumb Code   132  inv_mpu.o(.text)
    mpu_set_gyro_fsr                         0x08003587   Thumb Code   132  inv_mpu.o(.text)
    mpu_init                                 0x0800360b   Thumb Code   414  inv_mpu.o(.text)
    mpu_get_gyro_reg                         0x080037a9   Thumb Code   110  inv_mpu.o(.text)
    mpu_get_accel_reg                        0x08003817   Thumb Code   110  inv_mpu.o(.text)
    mpu_get_temperature                      0x08003885   Thumb Code   150  inv_mpu.o(.text)
    mpu_set_accel_bias                       0x0800391b   Thumb Code   468  inv_mpu.o(.text)
    mpu_get_gyro_fsr                         0x08003aef   Thumb Code    64  inv_mpu.o(.text)
    mpu_get_accel_fsr                        0x08003b2f   Thumb Code    72  inv_mpu.o(.text)
    mpu_get_lpf                              0x08003b77   Thumb Code    74  inv_mpu.o(.text)
    mpu_get_sample_rate                      0x08003bc1   Thumb Code    26  inv_mpu.o(.text)
    mpu_get_compass_sample_rate              0x08003bdb   Thumb Code    10  inv_mpu.o(.text)
    mpu_set_compass_sample_rate              0x08003be5   Thumb Code     8  inv_mpu.o(.text)
    mpu_get_gyro_sens                        0x08003bed   Thumb Code    58  inv_mpu.o(.text)
    mpu_get_accel_sens                       0x08003c27   Thumb Code    78  inv_mpu.o(.text)
    mpu_get_fifo_config                      0x08003c75   Thumb Code    12  inv_mpu.o(.text)
    mpu_get_power_state                      0x08003c81   Thumb Code    22  inv_mpu.o(.text)
    mpu_get_int_status                       0x08003c97   Thumb Code    64  inv_mpu.o(.text)
    mpu_read_fifo                            0x08003cd7   Thumb Code   520  inv_mpu.o(.text)
    mpu_read_fifo_stream                     0x08003edf   Thumb Code   186  inv_mpu.o(.text)
    mpu_set_int_level                        0x08003f99   Thumb Code    12  inv_mpu.o(.text)
    mpu_set_dmp_state                        0x08004677   Thumb Code   138  inv_mpu.o(.text)
    mpu_run_self_test                        0x08004701   Thumb Code   278  inv_mpu.o(.text)
    mpu_write_mem                            0x08004817   Thumb Code   122  inv_mpu.o(.text)
    mpu_read_mem                             0x08004891   Thumb Code   122  inv_mpu.o(.text)
    mpu_load_firmware                        0x0800490b   Thumb Code   192  inv_mpu.o(.text)
    mpu_get_dmp_state                        0x080049cb   Thumb Code    14  inv_mpu.o(.text)
    mpu_get_compass_reg                      0x080049d9   Thumb Code     8  inv_mpu.o(.text)
    mpu_get_compass_fsr                      0x080049e1   Thumb Code     8  inv_mpu.o(.text)
    mpu_lp_motion_interrupt                  0x080049e9   Thumb Code   512  inv_mpu.o(.text)
    dmp_load_motion_driver_firmware          0x08004bed   Thumb Code    20  inv_mpu_dmp_motion_driver.o(.text)
    dmp_set_orientation                      0x08004c01   Thumb Code   290  inv_mpu_dmp_motion_driver.o(.text)
    dmp_set_gyro_bias                        0x08004d23   Thumb Code   294  inv_mpu_dmp_motion_driver.o(.text)
    dmp_set_accel_bias                       0x08004e49   Thumb Code   300  inv_mpu_dmp_motion_driver.o(.text)
    dmp_set_fifo_rate                        0x08004f75   Thumb Code   136  inv_mpu_dmp_motion_driver.o(.text)
    dmp_get_fifo_rate                        0x08004ffd   Thumb Code    12  inv_mpu_dmp_motion_driver.o(.text)
    dmp_set_tap_thresh                       0x08005009   Thumb Code   396  inv_mpu_dmp_motion_driver.o(.text)
    dmp_set_tap_axes                         0x08005195   Thumb Code    70  inv_mpu_dmp_motion_driver.o(.text)
    dmp_set_tap_count                        0x080051db   Thumb Code    38  inv_mpu_dmp_motion_driver.o(.text)
    dmp_set_tap_time                         0x08005201   Thumb Code    38  inv_mpu_dmp_motion_driver.o(.text)
    dmp_set_tap_time_multi                   0x08005227   Thumb Code    38  inv_mpu_dmp_motion_driver.o(.text)
    dmp_set_shake_reject_thresh              0x0800524d   Thumb Code    56  inv_mpu_dmp_motion_driver.o(.text)
    dmp_set_shake_reject_time                0x08005285   Thumb Code    38  inv_mpu_dmp_motion_driver.o(.text)
    dmp_set_shake_reject_timeout             0x080052ab   Thumb Code    38  inv_mpu_dmp_motion_driver.o(.text)
    dmp_get_pedometer_step_count             0x080052d1   Thumb Code    66  inv_mpu_dmp_motion_driver.o(.text)
    dmp_set_pedometer_step_count             0x08005313   Thumb Code    42  inv_mpu_dmp_motion_driver.o(.text)
    dmp_get_pedometer_walk_time              0x0800533d   Thumb Code    72  inv_mpu_dmp_motion_driver.o(.text)
    dmp_set_pedometer_walk_time              0x08005385   Thumb Code    48  inv_mpu_dmp_motion_driver.o(.text)
    dmp_enable_6x_lp_quat                    0x080053b5   Thumb Code    84  inv_mpu_dmp_motion_driver.o(.text)
    dmp_enable_lp_quat                       0x08005409   Thumb Code    60  inv_mpu_dmp_motion_driver.o(.text)
    dmp_enable_gyro_cal                      0x08005445   Thumb Code    62  inv_mpu_dmp_motion_driver.o(.text)
    dmp_enable_feature                       0x08005483   Thumb Code   530  inv_mpu_dmp_motion_driver.o(.text)
    dmp_get_enabled_features                 0x08005695   Thumb Code    12  inv_mpu_dmp_motion_driver.o(.text)
    dmp_set_interrupt_mode                   0x080056ff   Thumb Code    66  inv_mpu_dmp_motion_driver.o(.text)
    dmp_read_fifo                            0x08005741   Thumb Code   514  inv_mpu_dmp_motion_driver.o(.text)
    dmp_register_tap_cb                      0x08005943   Thumb Code    10  inv_mpu_dmp_motion_driver.o(.text)
    dmp_register_android_orient_cb           0x0800594d   Thumb Code    10  inv_mpu_dmp_motion_driver.o(.text)
    inv_orientation_matrix_to_scalar         0x080059a5   Thumb Code    40  inv_mpu_dmp_motion_driver.o(.text)
    run_self_test                            0x080059cd   Thumb Code   156  inv_mpu_dmp_motion_driver.o(.text)
    MPU6050_Init                             0x08005ab5   Thumb Code   224  mpu6050.o(.text)
    MPU6050_Pose                             0x08005b95   Thumb Code  1342  mpu6050.o(.text)
    Remote_Control                           0x080060f1   Thumb Code   414  remote.o(.text)
    __aeabi_ldivmod                          0x080062dd   Thumb Code     0  llsdiv.o(.text)
    _ll_sdiv                                 0x080062dd   Thumb Code    72  llsdiv.o(.text)
    memcmp                                   0x08006325   Thumb Code    88  memcmp.o(.text)
    __aeabi_memset                           0x0800637d   Thumb Code    16  aeabi_memset.o(.text)
    __use_two_region_memory                  0x0800638d   Thumb Code     2  heapauxi.o(.text)
    __rt_heap_escrow$2region                 0x0800638f   Thumb Code     2  heapauxi.o(.text)
    __rt_heap_expand$2region                 0x08006391   Thumb Code     2  heapauxi.o(.text)
    __aeabi_uldivmod                         0x08006393   Thumb Code     0  lludivv7m.o(.text)
    _ll_udiv                                 0x08006393   Thumb Code   238  lludivv7m.o(.text)
    __read_errno                             0x08006481   Thumb Code    10  _rserrno.o(.text)
    __set_errno                              0x0800648b   Thumb Code    12  _rserrno.o(.text)
    __aeabi_memclr                           0x08006497   Thumb Code     0  rt_memclr.o(.text)
    __rt_memclr                              0x08006497   Thumb Code    68  rt_memclr.o(.text)
    _memset                                  0x0800649b   Thumb Code     0  rt_memclr.o(.text)
    __aeabi_errno_addr                       0x080064dd   Thumb Code     8  rt_errno_addr_intlibspace.o(.text)
    __errno$intlibspace                      0x080064dd   Thumb Code     0  rt_errno_addr_intlibspace.o(.text)
    __rt_errno_addr$intlibspace              0x080064dd   Thumb Code     0  rt_errno_addr_intlibspace.o(.text)
    __aeabi_memclr4                          0x080064e5   Thumb Code     0  rt_memclr_w.o(.text)
    __aeabi_memclr8                          0x080064e5   Thumb Code     0  rt_memclr_w.o(.text)
    __rt_memclr_w                            0x080064e5   Thumb Code    78  rt_memclr_w.o(.text)
    _memset_w                                0x080064e9   Thumb Code     0  rt_memclr_w.o(.text)
    __user_libspace                          0x08006535   Thumb Code     8  libspace.o(.text)
    __user_perproc_libspace                  0x08006535   Thumb Code     0  libspace.o(.text)
    __user_perthread_libspace                0x08006535   Thumb Code     0  libspace.o(.text)
    __user_setup_stackheap                   0x0800653d   Thumb Code    74  sys_stackheap_outer.o(.text)
    exit                                     0x08006587   Thumb Code    18  exit.o(.text)
    _sys_exit                                0x08006599   Thumb Code     8  sys_exit.o(.text)
    __I$use$semihosting                      0x080065a5   Thumb Code     0  use_no_semi.o(.text)
    __use_no_semihosting_swi                 0x080065a5   Thumb Code     2  use_no_semi.o(.text)
    __ARM_fpclassify                         0x080065a7   Thumb Code    40  fpclassify.o(i.__ARM_fpclassify)
    __semihosting_library_function           0x080065a7   Thumb Code     0  indicate_semi.o(.text)
    __kernel_poly                            0x080065cf   Thumb Code   170  poly.o(i.__kernel_poly)
    __mathlib_dbl_infnan                     0x08006679   Thumb Code     6  dunder.o(i.__mathlib_dbl_infnan)
    __mathlib_dbl_infnan2                    0x0800667f   Thumb Code     4  dunder.o(i.__mathlib_dbl_infnan2)
    __mathlib_dbl_invalid                    0x08006683   Thumb Code    12  dunder.o(i.__mathlib_dbl_invalid)
    __mathlib_dbl_underflow                  0x08006691   Thumb Code    10  dunder.o(i.__mathlib_dbl_underflow)
    asin                                     0x080066a1   Thumb Code   572  asin.o(i.asin)
    atan                                     0x08006911   Thumb Code   474  atan.o(i.atan)
    atan2                                    0x08006b31   Thumb Code   374  atan2.o(i.atan2)
    sqrt                                     0x08006ccd   Thumb Code    76  sqrt.o(i.sqrt)
    __aeabi_d2f                              0x08006d19   Thumb Code     0  d2f.o(x$fpl$d2f)
    _d2f                                     0x08006d19   Thumb Code    98  d2f.o(x$fpl$d2f)
    __aeabi_dadd                             0x08006d7d   Thumb Code     0  daddsub_clz.o(x$fpl$dadd)
    _dadd                                    0x08006d7d   Thumb Code   332  daddsub_clz.o(x$fpl$dadd)
    __fpl_dcheck_NaN1                        0x08006ecd   Thumb Code    10  dcheck1.o(x$fpl$dcheck1)
    __fpl_dcmp_Inf                           0x08006edd   Thumb Code    24  dcmpi.o(x$fpl$dcmpinf)
    __aeabi_ddiv                             0x08006ef5   Thumb Code     0  ddiv.o(x$fpl$ddiv)
    _ddiv                                    0x08006ef5   Thumb Code   552  ddiv.o(x$fpl$ddiv)
    __aeabi_cdcmpeq                          0x080071a5   Thumb Code     0  deqf.o(x$fpl$deqf)
    _dcmpeq                                  0x080071a5   Thumb Code   120  deqf.o(x$fpl$deqf)
    __aeabi_cdcmple                          0x0800721d   Thumb Code     0  dleqf.o(x$fpl$dleqf)
    _dcmple                                  0x0800721d   Thumb Code   120  dleqf.o(x$fpl$dleqf)
    __fpl_dcmple_InfNaN                      0x0800727f   Thumb Code     0  dleqf.o(x$fpl$dleqf)
    __aeabi_dmul                             0x08007295   Thumb Code     0  dmul.o(x$fpl$dmul)
    _dmul                                    0x08007295   Thumb Code   332  dmul.o(x$fpl$dmul)
    __fpl_dnaninf                            0x080073e9   Thumb Code   156  dnaninf.o(x$fpl$dnaninf)
    __fpl_dretinf                            0x08007485   Thumb Code    12  dretinf.o(x$fpl$dretinf)
    __aeabi_cdrcmple                         0x08007491   Thumb Code     0  drleqf.o(x$fpl$drleqf)
    _drcmple                                 0x08007491   Thumb Code   108  drleqf.o(x$fpl$drleqf)
    __aeabi_drsub                            0x080074fd   Thumb Code     0  daddsub_clz.o(x$fpl$drsb)
    _drsb                                    0x080074fd   Thumb Code    22  daddsub_clz.o(x$fpl$drsb)
    _dsqrt                                   0x08007515   Thumb Code   456  dsqrt_noumaal.o(x$fpl$dsqrt)
    __aeabi_dsub                             0x080076e1   Thumb Code     0  daddsub_clz.o(x$fpl$dsub)
    _dsub                                    0x080076e1   Thumb Code   464  daddsub_clz.o(x$fpl$dsub)
    __aeabi_f2d                              0x080078b5   Thumb Code     0  f2d.o(x$fpl$f2d)
    _f2d                                     0x080078b5   Thumb Code    86  f2d.o(x$fpl$f2d)
    __aeabi_fadd                             0x0800790d   Thumb Code     0  faddsub_clz.o(x$fpl$fadd)
    _fadd                                    0x0800790d   Thumb Code   196  faddsub_clz.o(x$fpl$fadd)
    __fpl_fcmp_Inf                           0x080079d1   Thumb Code    24  fcmpi.o(x$fpl$fcmpinf)
    __aeabi_fdiv                             0x080079e9   Thumb Code     0  fdiv.o(x$fpl$fdiv)
    _fdiv                                    0x080079e9   Thumb Code   384  fdiv.o(x$fpl$fdiv)
    __aeabi_cfcmpeq                          0x08007b6d   Thumb Code     0  feqf.o(x$fpl$feqf)
    _fcmpeq                                  0x08007b6d   Thumb Code   104  feqf.o(x$fpl$feqf)
    __aeabi_f2iz                             0x08007bd5   Thumb Code     0  ffix.o(x$fpl$ffix)
    _ffix                                    0x08007bd5   Thumb Code    54  ffix.o(x$fpl$ffix)
    __aeabi_f2uiz                            0x08007c0d   Thumb Code     0  ffixu.o(x$fpl$ffixu)
    _ffixu                                   0x08007c0d   Thumb Code    62  ffixu.o(x$fpl$ffixu)
    __aeabi_i2f                              0x08007c4d   Thumb Code     0  fflt_clz.o(x$fpl$fflt)
    _fflt                                    0x08007c4d   Thumb Code    48  fflt_clz.o(x$fpl$fflt)
    __aeabi_ui2f                             0x08007c7d   Thumb Code     0  fflt_clz.o(x$fpl$ffltu)
    _ffltu                                   0x08007c7d   Thumb Code    38  fflt_clz.o(x$fpl$ffltu)
    __aeabi_cfcmple                          0x08007ca5   Thumb Code     0  fleqf.o(x$fpl$fleqf)
    _fcmple                                  0x08007ca5   Thumb Code   104  fleqf.o(x$fpl$fleqf)
    __fpl_fcmple_InfNaN                      0x08007cf7   Thumb Code     0  fleqf.o(x$fpl$fleqf)
    __aeabi_fmul                             0x08007d0d   Thumb Code     0  fmul.o(x$fpl$fmul)
    _fmul                                    0x08007d0d   Thumb Code   258  fmul.o(x$fpl$fmul)
    __fpl_fnaninf                            0x08007e0f   Thumb Code   140  fnaninf.o(x$fpl$fnaninf)
    __fpl_fretinf                            0x08007e9b   Thumb Code    10  fretinf.o(x$fpl$fretinf)
    __aeabi_cfrcmple                         0x08007ea5   Thumb Code     0  frleqf.o(x$fpl$frleqf)
    _frcmple                                 0x08007ea5   Thumb Code    98  frleqf.o(x$fpl$frleqf)
    __aeabi_fsub                             0x08007f09   Thumb Code     0  faddsub_clz.o(x$fpl$fsub)
    _fsub                                    0x08007f09   Thumb Code   234  faddsub_clz.o(x$fpl$fsub)
    __fpl_return_NaN                         0x08007ff3   Thumb Code   100  retnan.o(x$fpl$retnan)
    __ARM_scalbn                             0x08008057   Thumb Code    92  scalbn.o(x$fpl$scalbn)
    __fpl_cmpreturn                          0x080080b3   Thumb Code    48  trapv.o(x$fpl$trapveneer)
    __I$use$fp                               0x080080e2   Number         0  usenofp.o(x$fpl$usenofp)
    hw                                       0x080080e4   Data          12  inv_mpu.o(.constdata)
    reg                                      0x080080f0   Data          27  inv_mpu.o(.constdata)
    test                                     0x0800810c   Data          40  inv_mpu.o(.constdata)
    __mathlib_zero                           0x08008e18   Data           8  qnan.o(.constdata)
    Region$$Table$$Base                      0x08008e70   Number         0  anon$$obj.o(Region$$Table)
    Region$$Table$$Limit                     0x08008e90   Number         0  anon$$obj.o(Region$$Table)
    SystemCoreClock                          0x20000000   Data           4  system_stm32f10x.o(.data)
    AHBPrescTable                            0x20000004   Data          16  system_stm32f10x.o(.data)
    newLineReceived                          0x20000014   Data           1  usart.o(.data)
    num                                      0x20000018   Data           4  usart.o(.data)
    startBit                                 0x2000001c   Data           1  usart.o(.data)
    int9num                                  0x20000020   Data           4  usart.o(.data)
    Fore                                     0x20000024   Data           1  usart.o(.data)
    Back                                     0x20000025   Data           1  usart.o(.data)
    Left                                     0x20000026   Data           1  usart.o(.data)
    Right                                    0x20000027   Data           1  usart.o(.data)
    Bluetooth_data                           0x20000028   Data           1  usart.o(.data)
    CAR_SPEED_SET                            0x20000040   Data           4  car.o(.data)
    CAR_ZERO_ANGLE                           0x20000044   Data           4  car.o(.data)
    BST_fCarSpeed                            0x20000048   Data           4  car.o(.data)
    BST_fCarSpeedOld                         0x2000004c   Data           4  car.o(.data)
    BST_TurnSpeed                            0x20000050   Data           4  car.o(.data)
    BST_fCarPosition                         0x20000054   Data           4  car.o(.data)
    BST_fCarAngle                            0x20000058   Data           4  car.o(.data)
    BST_fAngleControlOut                     0x2000005c   Data           4  car.o(.data)
    BST_fSpeedControlOut                     0x20000060   Data           4  car.o(.data)
    BST_fLeftMotorOut                        0x20000064   Data           4  car.o(.data)
    BST_fRightMotorOut                       0x20000068   Data           4  car.o(.data)
    BST_u8MainEventCount                     0x2000006c   Data           4  car.o(.data)
    BST_u8SpeedControlCount                  0x20000070   Data           4  car.o(.data)
    BST_u8SpeedControlPeriod                 0x20000074   Data           4  car.o(.data)
    BST_u8DirectionControlPeriod             0x20000078   Data           1  car.o(.data)
    BST_u8DirectionControlCount              0x20000079   Data           1  car.o(.data)
    BST_fSpeedControlOutOld                  0x2000007c   Data           4  car.o(.data)
    BST_fSpeedControlOutNew                  0x20000080   Data           4  car.o(.data)
    BST_fTurnControlOut                      0x20000084   Data           4  car.o(.data)
    gyro_z                                   0x20000088   Data           4  car.o(.data)
    gyrx                                     0x2000008c   Data           4  car.o(.data)
    gy0                                      0x20000090   Data           4  car.o(.data)
    BST_fCarAngle_P                          0x20000094   Data           4  car.o(.data)
    BST_fCarAngle_D                          0x20000098   Data           4  car.o(.data)
    BST_fCarSpeed_P                          0x2000009c   Data           4  car.o(.data)
    BST_fCarSpeed_I                          0x200000a0   Data           4  car.o(.data)
    BST_fCarTurn_Kd                          0x200000a4   Data           4  car.o(.data)
    BST_fCarTurn_Kp                          0x200000a8   Data           4  car.o(.data)
    iap                                      0x200000ac   Data           4  car.o(.data)
    BST_s16LeftMotorPulse                    0x200000b0   Data           2  car.o(.data)
    BST_s16RightMotorPulse                   0x200000b2   Data           2  car.o(.data)
    BST_s32LeftMotorPulseOld                 0x200000b4   Data           4  car.o(.data)
    BST_s32RightMotorPulseOld                0x200000b8   Data           4  car.o(.data)
    BST_s32LeftMotorPulseSigma               0x200000bc   Data           4  car.o(.data)
    BST_s32RightMotorPulseSigma              0x200000c0   Data           4  car.o(.data)
    leftstop                                 0x200000c4   Data           4  car.o(.data)
    rightstop                                0x200000c8   Data           4  car.o(.data)
    stopflag                                 0x200000cc   Data           4  car.o(.data)
    q0                                       0x20000108   Data           4  mpu6050.o(.data)
    q1                                       0x2000010c   Data           4  mpu6050.o(.data)
    q2                                       0x20000110   Data           4  mpu6050.o(.data)
    q3                                       0x20000114   Data           4  mpu6050.o(.data)
    Pitch                                    0x20000118   Data           4  mpu6050.o(.data)
    Roll                                     0x2000011c   Data           4  mpu6050.o(.data)
    Yaw                                      0x20000120   Data           4  mpu6050.o(.data)
    sensor_timestamp                         0x20000124   Data           4  mpu6050.o(.data)
    gyro                                     0x20000128   Data           6  mpu6050.o(.data)
    accel                                    0x2000012e   Data           6  mpu6050.o(.data)
    sensors                                  0x20000134   Data           2  mpu6050.o(.data)
    more                                     0x20000136   Data           1  mpu6050.o(.data)
    BST_BluetoothSpeed                       0x20000138   Data           4  remote.o(.data)
    quat                                     0x2000014c   Data          16  mpu6050.o(.bss)
    __libspace_start                         0x2000015c   Data          96  libspace.o(.bss)
    __temporary_stack_top$libspace           0x200001bc   Data           0  libspace.o(.bss)



==============================================================================

Memory Map of the image

  Image Entry point : 0x08000131

  Load Region LR_IROM1 (Base: 0x08000000, Size: 0x00008fcc, Max: 0x00010000, ABSOLUTE, COMPRESSED[0x00008ed8])

    Execution Region ER_IROM1 (Exec base: 0x08000000, Load base: 0x08000000, Size: 0x00008e90, Max: 0x00010000, ABSOLUTE)

    Exec Addr    Load Addr    Size         Type   Attr      Idx    E Section Name        Object

    0x08000000   0x08000000   0x00000130   Data   RO           19    RESET               startup_stm32f10x_hd.o
    0x08000130   0x08000130   0x00000008   Code   RO          915  * !!!main             c_w.l(__main.o)
    0x08000138   0x08000138   0x00000034   Code   RO         1231    !!!scatter          c_w.l(__scatter.o)
    0x0800016c   0x0800016c   0x0000005a   Code   RO         1229    !!dczerorl2         c_w.l(__dczerorl2.o)
    0x080001c6   0x080001c6   0x00000002   PAD
    0x080001c8   0x080001c8   0x0000001c   Code   RO         1233    !!handler_zi        c_w.l(__scatter_zi.o)
    0x080001e4   0x080001e4   0x00000002   Code   RO         1092    .ARM.Collect$$libinit$$00000000  c_w.l(libinit.o)
    0x080001e6   0x080001e6   0x00000000   Code   RO         1102    .ARM.Collect$$libinit$$00000002  c_w.l(libinit2.o)
    0x080001e6   0x080001e6   0x00000000   Code   RO         1104    .ARM.Collect$$libinit$$00000004  c_w.l(libinit2.o)
    0x080001e6   0x080001e6   0x00000000   Code   RO         1107    .ARM.Collect$$libinit$$0000000A  c_w.l(libinit2.o)
    0x080001e6   0x080001e6   0x00000000   Code   RO         1109    .ARM.Collect$$libinit$$0000000C  c_w.l(libinit2.o)
    0x080001e6   0x080001e6   0x00000000   Code   RO         1111    .ARM.Collect$$libinit$$0000000E  c_w.l(libinit2.o)
    0x080001e6   0x080001e6   0x00000000   Code   RO         1114    .ARM.Collect$$libinit$$00000011  c_w.l(libinit2.o)
    0x080001e6   0x080001e6   0x00000000   Code   RO         1116    .ARM.Collect$$libinit$$00000013  c_w.l(libinit2.o)
    0x080001e6   0x080001e6   0x00000000   Code   RO         1118    .ARM.Collect$$libinit$$00000015  c_w.l(libinit2.o)
    0x080001e6   0x080001e6   0x00000000   Code   RO         1120    .ARM.Collect$$libinit$$00000017  c_w.l(libinit2.o)
    0x080001e6   0x080001e6   0x00000000   Code   RO         1122    .ARM.Collect$$libinit$$00000019  c_w.l(libinit2.o)
    0x080001e6   0x080001e6   0x00000000   Code   RO         1124    .ARM.Collect$$libinit$$0000001B  c_w.l(libinit2.o)
    0x080001e6   0x080001e6   0x00000000   Code   RO         1126    .ARM.Collect$$libinit$$0000001D  c_w.l(libinit2.o)
    0x080001e6   0x080001e6   0x00000000   Code   RO         1128    .ARM.Collect$$libinit$$0000001F  c_w.l(libinit2.o)
    0x080001e6   0x080001e6   0x00000000   Code   RO         1130    .ARM.Collect$$libinit$$00000021  c_w.l(libinit2.o)
    0x080001e6   0x080001e6   0x00000000   Code   RO         1132    .ARM.Collect$$libinit$$00000023  c_w.l(libinit2.o)
    0x080001e6   0x080001e6   0x00000000   Code   RO         1134    .ARM.Collect$$libinit$$00000025  c_w.l(libinit2.o)
    0x080001e6   0x080001e6   0x00000000   Code   RO         1138    .ARM.Collect$$libinit$$0000002C  c_w.l(libinit2.o)
    0x080001e6   0x080001e6   0x00000000   Code   RO         1140    .ARM.Collect$$libinit$$0000002E  c_w.l(libinit2.o)
    0x080001e6   0x080001e6   0x00000000   Code   RO         1142    .ARM.Collect$$libinit$$00000030  c_w.l(libinit2.o)
    0x080001e6   0x080001e6   0x00000000   Code   RO         1144    .ARM.Collect$$libinit$$00000032  c_w.l(libinit2.o)
    0x080001e6   0x080001e6   0x00000002   Code   RO         1145    .ARM.Collect$$libinit$$00000033  c_w.l(libinit2.o)
    0x080001e8   0x080001e8   0x00000002   Code   RO         1177    .ARM.Collect$$libshutdown$$00000000  c_w.l(libshutdown.o)
    0x080001ea   0x080001ea   0x00000000   Code   RO         1194    .ARM.Collect$$libshutdown$$00000002  c_w.l(libshutdown2.o)
    0x080001ea   0x080001ea   0x00000000   Code   RO         1196    .ARM.Collect$$libshutdown$$00000004  c_w.l(libshutdown2.o)
    0x080001ea   0x080001ea   0x00000000   Code   RO         1198    .ARM.Collect$$libshutdown$$00000006  c_w.l(libshutdown2.o)
    0x080001ea   0x080001ea   0x00000000   Code   RO         1201    .ARM.Collect$$libshutdown$$00000009  c_w.l(libshutdown2.o)
    0x080001ea   0x080001ea   0x00000000   Code   RO         1204    .ARM.Collect$$libshutdown$$0000000C  c_w.l(libshutdown2.o)
    0x080001ea   0x080001ea   0x00000000   Code   RO         1206    .ARM.Collect$$libshutdown$$0000000E  c_w.l(libshutdown2.o)
    0x080001ea   0x080001ea   0x00000000   Code   RO         1209    .ARM.Collect$$libshutdown$$00000011  c_w.l(libshutdown2.o)
    0x080001ea   0x080001ea   0x00000002   Code   RO         1210    .ARM.Collect$$libshutdown$$00000012  c_w.l(libshutdown2.o)
    0x080001ec   0x080001ec   0x00000000   Code   RO          983    .ARM.Collect$$rtentry$$00000000  c_w.l(__rtentry.o)
    0x080001ec   0x080001ec   0x00000000   Code   RO         1049    .ARM.Collect$$rtentry$$00000002  c_w.l(__rtentry2.o)
    0x080001ec   0x080001ec   0x00000006   Code   RO         1061    .ARM.Collect$$rtentry$$00000004  c_w.l(__rtentry4.o)
    0x080001f2   0x080001f2   0x00000000   Code   RO         1051    .ARM.Collect$$rtentry$$00000009  c_w.l(__rtentry2.o)
    0x080001f2   0x080001f2   0x00000004   Code   RO         1052    .ARM.Collect$$rtentry$$0000000A  c_w.l(__rtentry2.o)
    0x080001f6   0x080001f6   0x00000000   Code   RO         1054    .ARM.Collect$$rtentry$$0000000C  c_w.l(__rtentry2.o)
    0x080001f6   0x080001f6   0x00000008   Code   RO         1055    .ARM.Collect$$rtentry$$0000000D  c_w.l(__rtentry2.o)
    0x080001fe   0x080001fe   0x00000002   Code   RO         1095    .ARM.Collect$$rtexit$$00000000  c_w.l(rtexit.o)
    0x08000200   0x08000200   0x00000000   Code   RO         1149    .ARM.Collect$$rtexit$$00000002  c_w.l(rtexit2.o)
    0x08000200   0x08000200   0x00000004   Code   RO         1150    .ARM.Collect$$rtexit$$00000003  c_w.l(rtexit2.o)
    0x08000204   0x08000204   0x00000006   Code   RO         1151    .ARM.Collect$$rtexit$$00000004  c_w.l(rtexit2.o)
    0x0800020a   0x0800020a   0x00000002   PAD
    0x0800020c   0x0800020c   0x00000040   Code   RO           20    .text               startup_stm32f10x_hd.o
    0x0800024c   0x0800024c   0x00000042   Code   RO           24    .text               main.o
    0x0800028e   0x0800028e   0x00000018   Code   RO          158    .text               stm32f10x_it.o
    0x080002a6   0x080002a6   0x00000002   PAD
    0x080002a8   0x080002a8   0x000001e0   Code   RO          256    .text               system_stm32f10x.o
    0x08000488   0x08000488   0x00000054   Code   RO          274    .text               delay.o
    0x080004dc   0x080004dc   0x00000250   Code   RO          334    .text               usart.o
    0x0800072c   0x0800072c   0x000000dc   Code   RO          390    .text               misc.o
    0x08000808   0x08000808   0x0000035c   Code   RO          534    .text               stm32f10x_gpio.o
    0x08000b64   0x08000b64   0x000003a4   Code   RO          582    .text               stm32f10x_rcc.o
    0x08000f08   0x08000f08   0x00000e1a   Code   RO          632    .text               stm32f10x_tim.o
    0x08001d22   0x08001d22   0x00000002   PAD
    0x08001d24   0x08001d24   0x00000408   Code   RO          644    .text               stm32f10x_usart.o
    0x0800212c   0x0800212c   0x0000024c   Code   RO          668    .text               timer.o
    0x08002378   0x08002378   0x00000038   Code   RO          683    .text               motor.o
    0x080023b0   0x080023b0   0x00000044   Code   RO          699    .text               led.o
    0x080023f4   0x080023f4   0x000003bc   Code   RO          714    .text               i2c.o
    0x080027b0   0x080027b0   0x000000bc   Code   RO          729    .text               systick.o
    0x0800286c   0x0800286c   0x000004e8   Code   RO          755    .text               car.o
    0x08002d54   0x08002d54   0x00001e98   Code   RO          776    .text               inv_mpu.o
    0x08004bec   0x08004bec   0x00000ec8   Code   RO          819    .text               inv_mpu_dmp_motion_driver.o
    0x08005ab4   0x08005ab4   0x0000063c   Code   RO          847    .text               mpu6050.o
    0x080060f0   0x080060f0   0x000001ec   Code   RO          887    .text               remote.o
    0x080062dc   0x080062dc   0x00000048   Code   RO          907    .text               c_w.l(llsdiv.o)
    0x08006324   0x08006324   0x00000058   Code   RO          909    .text               c_w.l(memcmp.o)
    0x0800637c   0x0800637c   0x00000010   Code   RO          911    .text               c_w.l(aeabi_memset.o)
    0x0800638c   0x0800638c   0x00000006   Code   RO          913    .text               c_w.l(heapauxi.o)
    0x08006392   0x08006392   0x000000ee   Code   RO          984    .text               c_w.l(lludivv7m.o)
    0x08006480   0x08006480   0x00000016   Code   RO          986    .text               c_w.l(_rserrno.o)
    0x08006496   0x08006496   0x00000044   Code   RO          988    .text               c_w.l(rt_memclr.o)
    0x080064da   0x080064da   0x00000002   PAD
    0x080064dc   0x080064dc   0x00000008   Code   RO         1070    .text               c_w.l(rt_errno_addr_intlibspace.o)
    0x080064e4   0x080064e4   0x0000004e   Code   RO         1072    .text               c_w.l(rt_memclr_w.o)
    0x08006532   0x08006532   0x00000002   PAD
    0x08006534   0x08006534   0x00000008   Code   RO         1078    .text               c_w.l(libspace.o)
    0x0800653c   0x0800653c   0x0000004a   Code   RO         1081    .text               c_w.l(sys_stackheap_outer.o)
    0x08006586   0x08006586   0x00000012   Code   RO         1085    .text               c_w.l(exit.o)
    0x08006598   0x08006598   0x0000000c   Code   RO         1165    .text               c_w.l(sys_exit.o)
    0x080065a4   0x080065a4   0x00000002   Code   RO         1182    .text               c_w.l(use_no_semi.o)
    0x080065a6   0x080065a6   0x00000000   Code   RO         1184    .text               c_w.l(indicate_semi.o)
    0x080065a6   0x080065a6   0x00000028   Code   RO         1035    i.__ARM_fpclassify  m_ws.l(fpclassify.o)
    0x080065ce   0x080065ce   0x000000aa   Code   RO         1037    i.__kernel_poly     m_ws.l(poly.o)
    0x08006678   0x08006678   0x00000006   Code   RO         1022    i.__mathlib_dbl_infnan  m_ws.l(dunder.o)
    0x0800667e   0x0800667e   0x00000004   Code   RO         1023    i.__mathlib_dbl_infnan2  m_ws.l(dunder.o)
    0x08006682   0x08006682   0x0000000c   Code   RO         1024    i.__mathlib_dbl_invalid  m_ws.l(dunder.o)
    0x0800668e   0x0800668e   0x00000002   PAD
    0x08006690   0x08006690   0x00000010   Code   RO         1027    i.__mathlib_dbl_underflow  m_ws.l(dunder.o)
    0x080066a0   0x080066a0   0x00000270   Code   RO          966    i.asin              m_ws.l(asin.o)
    0x08006910   0x08006910   0x00000220   Code   RO         1012    i.atan              m_ws.l(atan.o)
    0x08006b30   0x08006b30   0x0000019c   Code   RO          976    i.atan2             m_ws.l(atan2.o)
    0x08006ccc   0x08006ccc   0x0000004c   Code   RO         1041    i.sqrt              m_ws.l(sqrt.o)
    0x08006d18   0x08006d18   0x00000062   Code   RO          917    x$fpl$d2f           fz_ws.l(d2f.o)
    0x08006d7a   0x08006d7a   0x00000002   PAD
    0x08006d7c   0x08006d7c   0x00000150   Code   RO          919    x$fpl$dadd          fz_ws.l(daddsub_clz.o)
    0x08006ecc   0x08006ecc   0x00000010   Code   RO         1074    x$fpl$dcheck1       fz_ws.l(dcheck1.o)
    0x08006edc   0x08006edc   0x00000018   Code   RO          990    x$fpl$dcmpinf       fz_ws.l(dcmpi.o)
    0x08006ef4   0x08006ef4   0x000002b0   Code   RO          993    x$fpl$ddiv          fz_ws.l(ddiv.o)
    0x080071a4   0x080071a4   0x00000078   Code   RO          996    x$fpl$deqf          fz_ws.l(deqf.o)
    0x0800721c   0x0800721c   0x00000078   Code   RO          925    x$fpl$dleqf         fz_ws.l(dleqf.o)
    0x08007294   0x08007294   0x00000154   Code   RO          927    x$fpl$dmul          fz_ws.l(dmul.o)
    0x080073e8   0x080073e8   0x0000009c   Code   RO          998    x$fpl$dnaninf       fz_ws.l(dnaninf.o)
    0x08007484   0x08007484   0x0000000c   Code   RO         1000    x$fpl$dretinf       fz_ws.l(dretinf.o)
    0x08007490   0x08007490   0x0000006c   Code   RO          929    x$fpl$drleqf        fz_ws.l(drleqf.o)
    0x080074fc   0x080074fc   0x00000016   Code   RO          920    x$fpl$drsb          fz_ws.l(daddsub_clz.o)
    0x08007512   0x08007512   0x00000002   PAD
    0x08007514   0x08007514   0x000001cc   Code   RO         1076    x$fpl$dsqrt         fz_ws.l(dsqrt_noumaal.o)
    0x080076e0   0x080076e0   0x000001d4   Code   RO          921    x$fpl$dsub          fz_ws.l(daddsub_clz.o)
    0x080078b4   0x080078b4   0x00000056   Code   RO          931    x$fpl$f2d           fz_ws.l(f2d.o)
    0x0800790a   0x0800790a   0x00000002   PAD
    0x0800790c   0x0800790c   0x000000c4   Code   RO          933    x$fpl$fadd          fz_ws.l(faddsub_clz.o)
    0x080079d0   0x080079d0   0x00000018   Code   RO         1002    x$fpl$fcmpinf       fz_ws.l(fcmpi.o)
    0x080079e8   0x080079e8   0x00000184   Code   RO          940    x$fpl$fdiv          fz_ws.l(fdiv.o)
    0x08007b6c   0x08007b6c   0x00000068   Code   RO          943    x$fpl$feqf          fz_ws.l(feqf.o)
    0x08007bd4   0x08007bd4   0x00000036   Code   RO          945    x$fpl$ffix          fz_ws.l(ffix.o)
    0x08007c0a   0x08007c0a   0x00000002   PAD
    0x08007c0c   0x08007c0c   0x0000003e   Code   RO          949    x$fpl$ffixu         fz_ws.l(ffixu.o)
    0x08007c4a   0x08007c4a   0x00000002   PAD
    0x08007c4c   0x08007c4c   0x00000030   Code   RO          954    x$fpl$fflt          fz_ws.l(fflt_clz.o)
    0x08007c7c   0x08007c7c   0x00000026   Code   RO          953    x$fpl$ffltu         fz_ws.l(fflt_clz.o)
    0x08007ca2   0x08007ca2   0x00000002   PAD
    0x08007ca4   0x08007ca4   0x00000068   Code   RO          959    x$fpl$fleqf         fz_ws.l(fleqf.o)
    0x08007d0c   0x08007d0c   0x00000102   Code   RO          961    x$fpl$fmul          fz_ws.l(fmul.o)
    0x08007e0e   0x08007e0e   0x0000008c   Code   RO         1004    x$fpl$fnaninf       fz_ws.l(fnaninf.o)
    0x08007e9a   0x08007e9a   0x0000000a   Code   RO         1006    x$fpl$fretinf       fz_ws.l(fretinf.o)
    0x08007ea4   0x08007ea4   0x00000062   Code   RO          963    x$fpl$frleqf        fz_ws.l(frleqf.o)
    0x08007f06   0x08007f06   0x00000002   PAD
    0x08007f08   0x08007f08   0x000000ea   Code   RO          935    x$fpl$fsub          fz_ws.l(faddsub_clz.o)
    0x08007ff2   0x08007ff2   0x00000064   Code   RO         1093    x$fpl$retnan        fz_ws.l(retnan.o)
    0x08008056   0x08008056   0x0000005c   Code   RO         1008    x$fpl$scalbn        fz_ws.l(scalbn.o)
    0x080080b2   0x080080b2   0x00000030   Code   RO         1146    x$fpl$trapveneer    fz_ws.l(trapv.o)
    0x080080e2   0x080080e2   0x00000000   Code   RO         1010    x$fpl$usenofp       fz_ws.l(usenofp.o)
    0x080080e2   0x080080e2   0x00000002   PAD
    0x080080e4   0x080080e4   0x00000050   Data   RO          777    .constdata          inv_mpu.o
    0x08008134   0x08008134   0x00000bf6   Data   RO          821    .constdata          inv_mpu_dmp_motion_driver.o
    0x08008d2a   0x08008d2a   0x00000006   PAD
    0x08008d30   0x08008d30   0x00000050   Data   RO          967    .constdata          m_ws.l(asin.o)
    0x08008d80   0x08008d80   0x00000098   Data   RO         1013    .constdata          m_ws.l(atan.o)
    0x08008e18   0x08008e18   0x00000008   Data   RO         1039    .constdata          m_ws.l(qnan.o)
    0x08008e20   0x08008e20   0x0000004e   Data   RO          778    .conststring        inv_mpu.o
    0x08008e6e   0x08008e6e   0x00000002   PAD
    0x08008e70   0x08008e70   0x00000020   Data   RO         1227    Region$$Table       anon$$obj.o


    Execution Region RW_IRAM1 (Exec base: 0x20000000, Load base: 0x08008e90, Size: 0x000007c0, Max: 0x00005000, ABSOLUTE, COMPRESSED[0x00000048])

    Exec Addr    Load Addr    Size         Type   Attr      Idx    E Section Name        Object

    0x20000000   COMPRESSED   0x00000014   Data   RW          257    .data               system_stm32f10x.o
    0x20000014   COMPRESSED   0x00000015   Data   RW          336    .data               usart.o
    0x20000029   COMPRESSED   0x00000014   Data   RW          583    .data               stm32f10x_rcc.o
    0x2000003d   COMPRESSED   0x00000003   PAD
    0x20000040   COMPRESSED   0x00000090   Data   RW          758    .data               car.o
    0x200000d0   COMPRESSED   0x0000002c   Data   RW          779    .data               inv_mpu.o
    0x200000fc   COMPRESSED   0x0000003b   Data   RW          849    .data               mpu6050.o
    0x20000137   COMPRESSED   0x00000001   PAD
    0x20000138   COMPRESSED   0x00000004   Data   RW          888    .data               remote.o
    0x2000013c        -       0x00000010   Zero   RW          820    .bss                inv_mpu_dmp_motion_driver.o
    0x2000014c        -       0x00000010   Zero   RW          848    .bss                mpu6050.o
    0x2000015c        -       0x00000060   Zero   RW         1079    .bss                c_w.l(libspace.o)
    0x200001bc   COMPRESSED   0x00000004   PAD
    0x200001c0        -       0x00000200   Zero   RW           18    HEAP                startup_stm32f10x_hd.o
    0x200003c0        -       0x00000400   Zero   RW           17    STACK               startup_stm32f10x_hd.o


==============================================================================

Image component sizes


      Code (inc. data)   RO Data    RW Data    ZI Data      Debug   Object Name

      1256        204          0        144          0       4726   car.o
         0          0          0          0          0       4540   core_cm3.o
        84          0          0          0          0        973   delay.o
       956          6          0          0          0       4458   i2c.o
      7832        174        158         44          0      21738   inv_mpu.o
      3784        196       3062          0         16      16462   inv_mpu_dmp_motion_driver.o
        68         10          0          0          0        518   led.o
        66          0          0          0          0      14959   main.o
       220         22          0          0          0       1773   misc.o
        56          6          0          0          0        524   motor.o
      1596        804          0         59         16       2223   mpu6050.o
       492         78          0          4          0       1030   remote.o
        64         26        304          0       1536        800   startup_stm32f10x_hd.o
       860         38          0          0          0       5709   stm32f10x_gpio.o
        24          0          0          0          0     246270   stm32f10x_it.o
       932         36          0         20          0       8892   stm32f10x_rcc.o
      3610         88          0          0          0      22820   stm32f10x_tim.o
      1032         22          0          0          0       8432   stm32f10x_usart.o
         0          0          0          0          0     203380   sys.o
       480         38          0         20          0       1779   system_stm32f10x.o
       188         18          0          0          0      15998   systick.o
       588         18          0          0          0       1724   timer.o
       592         36          0         21          0     208192   usart.o

    ----------------------------------------------------------------------
     24784       1820       3564        316       1568     797920   Object Totals
         0          0         32          0          0          0   (incl. Generated)
         4          0          8          4          0          0   (incl. Padding)

    ----------------------------------------------------------------------

      Code (inc. data)   RO Data    RW Data    ZI Data      Debug   Library Member Name

        90          0          0          0          0          0   __dczerorl2.o
         8          0          0          0          0         68   __main.o
         0          0          0          0          0          0   __rtentry.o
        12          0          0          0          0          0   __rtentry2.o
         6          0          0          0          0          0   __rtentry4.o
        52          8          0          0          0          0   __scatter.o
        28          0          0          0          0          0   __scatter_zi.o
        22          0          0          0          0        100   _rserrno.o
        16          0          0          0          0         68   aeabi_memset.o
        18          0          0          0          0         80   exit.o
         6          0          0          0          0        152   heapauxi.o
         0          0          0          0          0          0   indicate_semi.o
         2          0          0          0          0          0   libinit.o
         2          0          0          0          0          0   libinit2.o
         2          0          0          0          0          0   libshutdown.o
         2          0          0          0          0          0   libshutdown2.o
         8          4          0          0         96         68   libspace.o
        72          0          0          0          0         76   llsdiv.o
       238          0          0          0          0        100   lludivv7m.o
        88          0          0          0          0         76   memcmp.o
         8          4          0          0          0         68   rt_errno_addr_intlibspace.o
        68          0          0          0          0         68   rt_memclr.o
        78          0          0          0          0         80   rt_memclr_w.o
         2          0          0          0          0          0   rtexit.o
        10          0          0          0          0          0   rtexit2.o
        12          4          0          0          0         68   sys_exit.o
        74          0          0          0          0         80   sys_stackheap_outer.o
         2          0          0          0          0         68   use_no_semi.o
        98          4          0          0          0         92   d2f.o
       826         16          0          0          0        348   daddsub_clz.o
        16          4          0          0          0         68   dcheck1.o
        24          0          0          0          0         68   dcmpi.o
       688        140          0          0          0        208   ddiv.o
       120          4          0          0          0         92   deqf.o
       120          4          0          0          0         92   dleqf.o
       340         12          0          0          0        104   dmul.o
       156          4          0          0          0         92   dnaninf.o
        12          0          0          0          0         68   dretinf.o
       108          0          0          0          0         80   drleqf.o
       460         56          0          0          0        120   dsqrt_noumaal.o
        86          4          0          0          0         84   f2d.o
       430          8          0          0          0        168   faddsub_clz.o
        24          0          0          0          0         68   fcmpi.o
       388         76          0          0          0         96   fdiv.o
       104          4          0          0          0         84   feqf.o
        54          4          0          0          0         84   ffix.o
        62          4          0          0          0         84   ffixu.o
        86          0          0          0          0        136   fflt_clz.o
       104          4          0          0          0         84   fleqf.o
       258          4          0          0          0         84   fmul.o
       140          4          0          0          0         84   fnaninf.o
        10          0          0          0          0         68   fretinf.o
        98          0          0          0          0         68   frleqf.o
       100          0          0          0          0         68   retnan.o
        92          0          0          0          0         68   scalbn.o
        48          0          0          0          0         68   trapv.o
         0          0          0          0          0          0   usenofp.o
       624         52         80          0          0        168   asin.o
       544         70        152          0          0        124   atan.o
       412         38          0          0          0        144   atan2.o
        38          6          0          0          0        272   dunder.o
        40          0          0          0          0         68   fpclassify.o
       170          0          0          0          0         96   poly.o
         0          0          8          0          0          0   qnan.o
        76          0          0          0          0         84   sqrt.o

    ----------------------------------------------------------------------
      7908        542        240          0        100       5004   Library Totals
        26          0          0          0          4          0   (incl. Padding)

    ----------------------------------------------------------------------

      Code (inc. data)   RO Data    RW Data    ZI Data      Debug   Library Name

       926         20          0          0         96       1220   c_w.l
      5052        356          0          0          0       2828   fz_ws.l
      1904        166        240          0          0        956   m_ws.l

    ----------------------------------------------------------------------
      7908        542        240          0        100       5004   Library Totals

    ----------------------------------------------------------------------

==============================================================================


      Code (inc. data)   RO Data    RW Data    ZI Data      Debug   

     32692       2362       3804        316       1668     798552   Grand Totals
     32692       2362       3804         72       1668     798552   ELF Image Totals (compressed)
     32692       2362       3804         72          0          0   ROM Totals

==============================================================================

    Total RO  Size (Code + RO Data)                36496 (  35.64kB)
    Total RW  Size (RW Data + ZI Data)              1984 (   1.94kB)
    Total ROM Size (Code + RO Data + RW Data)      36568 (  35.71kB)

==============================================================================

